./sources/Oled_GUI/Inc/gui_core.h:109:18:virtual void gui_obj::set_x(int16_t)	0	static
./sources/Oled_GUI/Inc/gui_core.h:110:15:virtual void gui_obj::set_y(int16_t)	0	static
./sources/Oled_GUI/Inc/gui_core.h:154:18:virtual void gui_obj::set_fade(uint8_t)	0	static
sources/Oled_GUI/Src/gui_core.cpp:289:6:virtual void gui_obj::draw()	0	static
sources/Oled_GUI/Src/gui_core.cpp:9:10:uint32_t gui_get_tick_now()	8	static
sources/Oled_GUI/Src/gui_core.cpp:13:10:uint32_t gui_get_tick_elap(uint32_t)	8	static
sources/Oled_GUI/Src/gui_core.cpp:44:6:static void gui_obj::gui_obj_init()	0	static
sources/Oled_GUI/Src/gui_core.cpp:30:6:static void gui_obj::gui_init()	8	static
sources/Oled_GUI/Src/gui_core.cpp:49:6:static void gui_obj::gui_obj_add_head(gui_obj*)	0	static
sources/Oled_GUI/Src/gui_core.cpp:67:6:static void gui_obj::gui_obj_add_tail(gui_obj*)	8	static
sources/Oled_GUI/Src/gui_core.cpp:84:6:static void gui_obj::gui_obj_remove(gui_obj*)	0	static
./sources/Oled_GUI/Inc/gui_core.h:108:18:virtual void gui_obj::destroy()	8	static
sources/Oled_GUI/Src/gui_core.cpp:137:6:void gui_obj::set_allign(gui_align)	0	static
sources/Oled_GUI/Src/gui_core.cpp:193:6:void gui_obj::draw_fade()	24	static
sources/Oled_GUI/Src/gui_core.cpp:114:6:static void gui_obj::gui_obj_render()	8	static
