./sources/Oled_GUI/Inc/gui_core.h:109:18:virtual void gui_obj::set_x(int16_t)	0	static
./sources/Oled_GUI/Inc/gui_core.h:110:15:virtual void gui_obj::set_y(int16_t)	0	static
./sources/Oled_GUI/Inc/gui_core.h:154:18:virtual void gui_obj::set_fade(uint8_t)	0	static
sources/Oled_GUI/Src/gui_sw.cpp:57:6:virtual void gui_sw::draw()	24	static
./sources/Oled_GUI/Inc/gui_sw.h:41:10:virtual void gui_sw::destroy()	8	static
sources/Oled_GUI/Src/gui_sw.cpp:28:6:void gui_sw::create(int16_t, int16_t, uint8_t, gui_state)	16	static
sources/Oled_GUI/Src/gui_sw.cpp:52:6:void gui_sw::toggle()	0	static
