./sources/Oled_GUI/Inc/gui_core.h:109:18:virtual void gui_obj::set_x(int16_t)	0	static
./sources/Oled_GUI/Inc/gui_core.h:110:15:virtual void gui_obj::set_y(int16_t)	0	static
./sources/Oled_GUI/Inc/gui_core.h:154:18:virtual void gui_obj::set_fade(uint8_t)	0	static
sources/Oled_GUI/Src/gui_bmp.cpp:16:6:virtual void gui_bmp::draw()	24	static
./sources/Oled_GUI/Inc/gui_bmp.h:24:10:virtual void gui_bmp::destroy()	8	static
sources/Oled_GUI/Src/gui_bmp.cpp:4:6:void gui_bmp::create(int16_t, int16_t, int16_t, int16_t, const uint8_t*)	24	static
