./sources/Oled_GUI/Inc/gui_core.h:109:18:virtual void gui_obj::set_x(int16_t)	0	static
./sources/Oled_GUI/Inc/gui_core.h:110:15:virtual void gui_obj::set_y(int16_t)	0	static
./sources/Oled_GUI/Inc/gui_core.h:154:18:virtual void gui_obj::set_fade(uint8_t)	0	static
sources/Oled_GUI/Src/gui_free_style.cpp:15:6:virtual void gui_free_style::draw()	8	static
./sources/Oled_GUI/Inc/gui_free_style.h:25:10:virtual void gui_free_style::destroy()	8	static
sources/Oled_GUI/Src/gui_free_style.cpp:3:6:void gui_free_style::create(int16_t, int16_t, int16_t, int16_t, custom_draw)	24	static
