sources/Oled_GUI/Src/gui_port.cpp:49:1:void __static_initialization_and_destruction_0(int, int)	16	static
sources/Oled_GUI/Src/gui_port.cpp:15:10:uint32_t get_tick()	8	static
sources/Oled_GUI/Src/gui_port.cpp:21:6:void oled_init()	8	static
sources/Oled_GUI/Src/gui_port.cpp:26:6:void oled_on()	8	static
sources/Oled_GUI/Src/gui_port.cpp:31:6:void oled_off()	8	static
sources/Oled_GUI/Src/gui_port.cpp:36:6:void oled_update(const uint8_t*)	8	static
sources/Oled_GUI/Src/gui_port.cpp:41:6:void oled_invert(uint8_t)	8	static
sources/Oled_GUI/Src/gui_port.cpp:46:6:void oled_set_brightness(uint8_t)	8	static
sources/Oled_GUI/Src/gui_port.cpp:49:1:cpp)	8	static
sources/Oled_GUI/Src/gui_port.cpp:49:1:cpp)	8	static
