sources/Oled_GUI/Src/gui_anim.cpp:19:14:float animate_fx(float)	0	static
sources/Oled_GUI/Src/gui_anim.cpp:30:1:gui_anim::gui_anim()	0	static
sources/Oled_GUI/Src/gui_anim.cpp:166:6:void gui_anim::set_behavior(uint16_t, bool)	0	static
sources/Oled_GUI/Src/gui_anim.cpp:203:6:static void gui_anim::gui_anim_init()	0	static
sources/Oled_GUI/Src/gui_anim.cpp:208:6:static void gui_anim::gui_anim_add(gui_anim*)	0	static
sources/Oled_GUI/Src/gui_anim.cpp:236:6:static void gui_anim::gui_anim_delete(gui_anim*)	0	static
sources/Oled_GUI/Src/gui_anim.cpp:171:6:void gui_anim::stop()	8	static
sources/Oled_GUI/Src/gui_anim.cpp:25:1:gui_anim::~gui_anim()	8	static
sources/Oled_GUI/Src/gui_anim.cpp:34:6:void gui_anim::create_move(gui_obj*, int16_t, int16_t, uint16_t)	24	static
sources/Oled_GUI/Src/gui_anim.cpp:130:6:void gui_anim::create_move_offset(gui_obj*, int16_t, int16_t, uint16_t)	16	static
sources/Oled_GUI/Src/gui_anim.cpp:65:6:void gui_anim::create_resize(gui_obj*, int16_t, int16_t, int16_t, int16_t, uint16_t)	24	static
sources/Oled_GUI/Src/gui_anim.cpp:141:6:void gui_anim::create_resize_offset(gui_obj*, int16_t, int16_t, int16_t, int16_t, uint16_t)	32	static
sources/Oled_GUI/Src/gui_anim.cpp:99:6:void gui_anim::create_fade(gui_obj*, uint8_t, uint8_t, uint16_t)	24	static
sources/Oled_GUI/Src/gui_anim.cpp:154:6:void gui_anim::create_fade_offset(gui_obj*, uint8_t, uint16_t)	16	static
sources/Oled_GUI/Src/gui_anim.cpp:275:6:static void gui_anim::gui_anim_inverse_attribute(gui_anim*)	0	static
sources/Oled_GUI/Src/gui_anim.cpp:294:7:static float gui_anim::get_fps()	0	static
sources/Oled_GUI/Src/gui_anim.cpp:295:6:static void gui_anim::gui_anim_run()	72	static
