./sources/Oled_GUI/Inc/gui_core.h:109:18:virtual void gui_obj::set_x(int16_t)	0	static
./sources/Oled_GUI/Inc/gui_core.h:110:15:virtual void gui_obj::set_y(int16_t)	0	static
./sources/Oled_GUI/Inc/gui_core.h:154:18:virtual void gui_obj::set_fade(uint8_t)	0	static
sources/Oled_GUI/Src/gui_idctor.cpp:36:6:virtual void gui_idctor::draw()	24	static
./sources/Oled_GUI/Inc/gui_idctor.h:30:10:virtual void gui_idctor::destroy()	8	static
sources/Oled_GUI/Src/gui_idctor.cpp:5:6:void gui_idctor::create(gui_obj*, uint8_t)	24	static
sources/Oled_GUI/Src/gui_idctor.cpp:23:6:void gui_idctor::set_target(gui_obj*)	16	static
