sources/Oled_GUI/Src/gui_group.cpp:25:6:virtual void gui_group::set_x(int16_t)	16	static
sources/Oled_GUI/Src/gui_group.cpp:38:6:virtual void gui_group::set_y(int16_t)	16	static
sources/Oled_GUI/Src/gui_group.cpp:51:6:virtual void gui_group::set_fade(uint8_t)	16	static
./sources/Oled_GUI/Inc/gui_group.h:55:10:virtual void gui_group::destroy()	24	static
sources/Oled_GUI/Src/gui_group.cpp:4:6:void gui_group::create(int16_t, int16_t, int16_t, int16_t)	8	static
sources/Oled_GUI/Src/gui_group.cpp:61:6:void gui_group::set_pos_offset(int16_t, int16_t)	24	static
sources/Oled_GUI/Src/gui_group.cpp:72:6:void gui_group::add_obj(gui_obj*, gui_flag)	16	static
sources/Oled_GUI/Src/gui_group.cpp:101:10:gui_obj* gui_group::get_focus_obj()	0	static
sources/Oled_GUI/Src/gui_group.cpp:111:13:void idctor_focus_member(void*)	8	static
sources/Oled_GUI/Src/gui_group.cpp:106:8:int8_t gui_group::get_focus_index()	0	static
sources/Oled_GUI/Src/gui_group.cpp:118:6:void gui_group::focus_obj(uint8_t)	40	static
