./sources/Oled_GUI/Inc/gui_core.h:109:18:virtual void gui_obj::set_x(int16_t)	0	static
./sources/Oled_GUI/Inc/gui_core.h:110:15:virtual void gui_obj::set_y(int16_t)	0	static
./sources/Oled_GUI/Inc/gui_core.h:154:18:virtual void gui_obj::set_fade(uint8_t)	0	static
sources/Oled_GUI/Src/gui_slider.cpp:47:6:virtual void gui_slider::draw()	32	static
./sources/Oled_GUI/Inc/gui_slider.h:37:10:virtual void gui_slider::destroy()	8	static
sources/Oled_GUI/Src/gui_slider.cpp:4:6:void gui_slider::create(int16_t, int16_t, int16_t, int16_t, int16_t, int16_t, slider_type)	32	static
sources/Oled_GUI/Src/gui_slider.cpp:41:6:void gui_slider::set_value(int16_t)	0	static
