sources/Oled_GUI/Src/gui_render.cpp:32:13:void gui_write_byte(int16_t, int16_t, draw_style, uint8_t)	0	static
sources/Oled_GUI/Src/gui_render.cpp:61:13:void gui_window_write_byte(window*, int16_t, int16_t, draw_style, uint8_t)	24	static
sources/Oled_GUI/Src/gui_render.cpp:111:6:void gui_clear_buff()	8	static
sources/Oled_GUI/Src/gui_render.cpp:115:6:void gui_refresh()	8	static
sources/Oled_GUI/Src/gui_render.cpp:120:6:void gui_window_draw_pixel(window*, int16_t, int16_t, draw_style)	16	static
sources/Oled_GUI/Src/gui_render.cpp:125:6:void gui_window_draw_bmp(window*, int16_t, int16_t, int16_t, int16_t, const uint8_t*, draw_style)	64	static
sources/Oled_GUI/Src/gui_render.cpp:151:6:void gui_window_draw_line(window*, int16_t, int16_t, int16_t, int16_t, draw_style)	56	static
sources/Oled_GUI/Src/gui_render.cpp:192:6:void gui_window_draw_vline(window*, int16_t, int16_t, int16_t, draw_style)	16	static
sources/Oled_GUI/Src/gui_render.cpp:196:6:void gui_window_draw_hline(window*, int16_t, int16_t, int16_t, draw_style)	16	static
sources/Oled_GUI/Src/gui_render.cpp:201:6:void gui_window_draw_rect(window*, int16_t, int16_t, int16_t, int16_t, draw_style)	56	static
sources/Oled_GUI/Src/gui_render.cpp:209:6:void gui_window_fill_rect(window*, int16_t, int16_t, int16_t, int16_t, draw_style)	40	static
sources/Oled_GUI/Src/gui_render.cpp:217:6:void gui_window_draw_circle(window*, int16_t, int16_t, int16_t, draw_style)	64	static
sources/Oled_GUI/Src/gui_render.cpp:253:6:void gui_window_draw_circle_helper(window*, int16_t, int16_t, int16_t, uint8_t, draw_style)	72	static
sources/Oled_GUI/Src/gui_render.cpp:301:6:void gui_window_fill_circle_helper(window*, int16_t, int16_t, int16_t, uint8_t, int16_t, draw_style)	80	static
sources/Oled_GUI/Src/gui_render.cpp:332:6:void gui_window_draw_round_rect(window*, int16_t, int16_t, int16_t, int16_t, int16_t, draw_style)	72	static
sources/Oled_GUI/Src/gui_render.cpp:348:6:void gui_window_fill_round_rect(window*, int16_t, int16_t, int16_t, int16_t, int16_t, draw_style)	64	static
sources/Oled_GUI/Src/gui_render.cpp:358:6:void gui_window_draw_char(window*, int16_t, int16_t, char, draw_style)	32	static
sources/Oled_GUI/Src/gui_render.cpp:370:6:void gui_window_draw_str(window*, int16_t, int16_t, const char*, draw_style)	40	static
