./sources/Oled_GUI/Inc/gui_core.h:109:18:virtual void gui_obj::set_x(int16_t)	0	static
./sources/Oled_GUI/Inc/gui_core.h:110:15:virtual void gui_obj::set_y(int16_t)	0	static
./sources/Oled_GUI/Inc/gui_core.h:154:18:virtual void gui_obj::set_fade(uint8_t)	0	static
sources/Oled_GUI/Src/gui_label.cpp:60:6:virtual void gui_label::draw()	16	static
./sources/Oled_GUI/Inc/gui_label.h:26:10:virtual void gui_label::destroy()	8	static
sources/Oled_GUI/Src/gui_label.cpp:8:6:void gui_label::create(int16_t, int16_t)	16	static
sources/Oled_GUI/Src/gui_label.cpp:20:6:)	28	static
sources/Oled_GUI/Src/gui_label.cpp:54:6:void gui_label::clear()	0	static
