sources/platform/io_cfg.c:307:13:i2c_hw_write_data	16	static
sources/platform/io_cfg.c:12:6:btn_ul_init	16	static
sources/platform/io_cfg.c:21:6:btn_ur_init	16	static
sources/platform/io_cfg.c:30:6:btn_dl_init	16	static
sources/platform/io_cfg.c:39:6:btn_dr_init	16	static
sources/platform/io_cfg.c:49:9:btn_ul_read	8	static
sources/platform/io_cfg.c:53:9:btn_ur_read	8	static
sources/platform/io_cfg.c:57:9:btn_dl_read	8	static
sources/platform/io_cfg.c:60:9:btn_dr_read	8	static
sources/platform/io_cfg.c:65:6:oled_hw_init	96	static
sources/platform/io_cfg.c:126:6:ble_hw_init	0	static
sources/platform/io_cfg.c:131:6:power_pin_init	16	static
sources/platform/io_cfg.c:140:6:power_pin_on	8	static
sources/platform/io_cfg.c:144:6:power_pin_off	8	static
sources/platform/io_cfg.c:152:6:config_data_init	8	static
sources/platform/io_cfg.c:156:6:config_data_read	8	static
sources/platform/io_cfg.c:169:6:config_data_write	8	static
sources/platform/io_cfg.c:177:6:watchdog_hw_init	8	static
sources/platform/io_cfg.c:186:6:watchdog_hw_reload	8	static
sources/platform/io_cfg.c:191:6:i2c_hw_init	32	static
sources/platform/io_cfg.c:219:9:i2c_hw_start	24	static
sources/platform/io_cfg.c:260:9:i2c_hw_stop	8	static
sources/platform/io_cfg.c:273:9:i2c_hw_read_ack	8	static
sources/platform/io_cfg.c:288:9:i2c_hw_read_nack	8	static
sources/platform/io_cfg.c:317:6:i2c_hw_write	16	static
sources/platform/io_cfg.c:324:9:i2c_hw_read	16	static
sources/platform/io_cfg.c:333:6:i2c_hw_write_multi	16	static
sources/platform/io_cfg.c:341:6:i2c_hw_read_multi	24	static
sources/platform/io_cfg.c:358:6:adc_hw_init	40	static
sources/platform/io_cfg.c:384:7:adc_get_bat_voltage	8	static
sources/platform/io_cfg.c:392:7:adc_get_temp	8	static
