Archive member included to satisfy reference by file (symbol)

/home/giahuy/tools/gcc-arm-none-eabi-10.3-2021.10/arm-none-eabi/lib/thumb/v7-m/nofp/libc.a(lib_a-abs.o)
                              build_OLED_WATCH/gui_render.o (abs)
/home/giahuy/tools/gcc-arm-none-eabi-10.3-2021.10/arm-none-eabi/lib/thumb/v7-m/nofp/libc.a(lib_a-init.o)
                              build_OLED_WATCH/startup_stm32f10x_md.o (__libc_init_array)
/home/giahuy/tools/gcc-arm-none-eabi-10.3-2021.10/arm-none-eabi/lib/thumb/v7-m/nofp/libc.a(lib_a-memcpy.o)
                              build_OLED_WATCH/os_msg.o (memcpy)
/home/giahuy/tools/gcc-arm-none-eabi-10.3-2021.10/arm-none-eabi/lib/thumb/v7-m/nofp/libc.a(lib_a-memset.o)
                              build_OLED_WATCH/os_task.o (memset)
/home/giahuy/tools/gcc-arm-none-eabi-10.3-2021.10/arm-none-eabi/lib/thumb/v7-m/nofp/libc.a(lib_a-rand.o)
                              build_OLED_WATCH/page_runner_game.o (rand)
/home/giahuy/tools/gcc-arm-none-eabi-10.3-2021.10/arm-none-eabi/lib/thumb/v7-m/nofp/libc.a(lib_a-strlen-stub.o)
                              build_OLED_WATCH/xprintf.o (strlen)
/home/giahuy/tools/gcc-arm-none-eabi-10.3-2021.10/arm-none-eabi/lib/thumb/v7-m/nofp/libc.a(lib_a-impure.o)
                              /home/giahuy/tools/gcc-arm-none-eabi-10.3-2021.10/arm-none-eabi/lib/thumb/v7-m/nofp/libc.a(lib_a-rand.o) (_impure_ptr)
/home/giahuy/tools/gcc-arm-none-eabi-10.3-2021.10/arm-none-eabi/lib/thumb/v7-m/nofp/libm.a(lib_a-s_atan.o)
                              build_OLED_WATCH/mpu_6050.o (atan)
/home/giahuy/tools/gcc-arm-none-eabi-10.3-2021.10/arm-none-eabi/lib/thumb/v7-m/nofp/libm.a(lib_a-s_cos.o)
                              build_OLED_WATCH/page_compass.o (cos)
/home/giahuy/tools/gcc-arm-none-eabi-10.3-2021.10/arm-none-eabi/lib/thumb/v7-m/nofp/libm.a(lib_a-s_fabs.o)
                              /home/giahuy/tools/gcc-arm-none-eabi-10.3-2021.10/arm-none-eabi/lib/thumb/v7-m/nofp/libm.a(lib_a-s_atan.o) (fabs)
/home/giahuy/tools/gcc-arm-none-eabi-10.3-2021.10/arm-none-eabi/lib/thumb/v7-m/nofp/libm.a(lib_a-s_sin.o)
                              build_OLED_WATCH/page_compass.o (sin)
/home/giahuy/tools/gcc-arm-none-eabi-10.3-2021.10/arm-none-eabi/lib/thumb/v7-m/nofp/libm.a(lib_a-w_atan2.o)
                              build_OLED_WATCH/mpu_6050.o (atan2)
/home/giahuy/tools/gcc-arm-none-eabi-10.3-2021.10/arm-none-eabi/lib/thumb/v7-m/nofp/libm.a(lib_a-w_sqrt.o)
                              build_OLED_WATCH/mpu_6050.o (sqrt)
/home/giahuy/tools/gcc-arm-none-eabi-10.3-2021.10/arm-none-eabi/lib/thumb/v7-m/nofp/libm.a(lib_a-wf_sqrt.o)
                              build_OLED_WATCH/page_boids.o (sqrtf)
/home/giahuy/tools/gcc-arm-none-eabi-10.3-2021.10/arm-none-eabi/lib/thumb/v7-m/nofp/libm.a(lib_a-e_atan2.o)
                              /home/giahuy/tools/gcc-arm-none-eabi-10.3-2021.10/arm-none-eabi/lib/thumb/v7-m/nofp/libm.a(lib_a-w_atan2.o) (__ieee754_atan2)
/home/giahuy/tools/gcc-arm-none-eabi-10.3-2021.10/arm-none-eabi/lib/thumb/v7-m/nofp/libm.a(lib_a-e_rem_pio2.o)
                              /home/giahuy/tools/gcc-arm-none-eabi-10.3-2021.10/arm-none-eabi/lib/thumb/v7-m/nofp/libm.a(lib_a-s_cos.o) (__ieee754_rem_pio2)
/home/giahuy/tools/gcc-arm-none-eabi-10.3-2021.10/arm-none-eabi/lib/thumb/v7-m/nofp/libm.a(lib_a-e_sqrt.o)
                              /home/giahuy/tools/gcc-arm-none-eabi-10.3-2021.10/arm-none-eabi/lib/thumb/v7-m/nofp/libm.a(lib_a-w_sqrt.o) (__ieee754_sqrt)
/home/giahuy/tools/gcc-arm-none-eabi-10.3-2021.10/arm-none-eabi/lib/thumb/v7-m/nofp/libm.a(lib_a-ef_sqrt.o)
                              /home/giahuy/tools/gcc-arm-none-eabi-10.3-2021.10/arm-none-eabi/lib/thumb/v7-m/nofp/libm.a(lib_a-wf_sqrt.o) (__ieee754_sqrtf)
/home/giahuy/tools/gcc-arm-none-eabi-10.3-2021.10/arm-none-eabi/lib/thumb/v7-m/nofp/libm.a(lib_a-k_cos.o)
                              /home/giahuy/tools/gcc-arm-none-eabi-10.3-2021.10/arm-none-eabi/lib/thumb/v7-m/nofp/libm.a(lib_a-s_cos.o) (__kernel_cos)
/home/giahuy/tools/gcc-arm-none-eabi-10.3-2021.10/arm-none-eabi/lib/thumb/v7-m/nofp/libm.a(lib_a-k_rem_pio2.o)
                              /home/giahuy/tools/gcc-arm-none-eabi-10.3-2021.10/arm-none-eabi/lib/thumb/v7-m/nofp/libm.a(lib_a-e_rem_pio2.o) (__kernel_rem_pio2)
/home/giahuy/tools/gcc-arm-none-eabi-10.3-2021.10/arm-none-eabi/lib/thumb/v7-m/nofp/libm.a(lib_a-k_sin.o)
                              /home/giahuy/tools/gcc-arm-none-eabi-10.3-2021.10/arm-none-eabi/lib/thumb/v7-m/nofp/libm.a(lib_a-s_cos.o) (__kernel_sin)
/home/giahuy/tools/gcc-arm-none-eabi-10.3-2021.10/arm-none-eabi/lib/thumb/v7-m/nofp/libm.a(lib_a-s_floor.o)
                              /home/giahuy/tools/gcc-arm-none-eabi-10.3-2021.10/arm-none-eabi/lib/thumb/v7-m/nofp/libm.a(lib_a-k_rem_pio2.o) (floor)
/home/giahuy/tools/gcc-arm-none-eabi-10.3-2021.10/arm-none-eabi/lib/thumb/v7-m/nofp/libm.a(lib_a-s_scalbn.o)
[...]
Memory Configuration

Name             Origin             Length             Attributes
RAM              0x0000000020000000 0x0000000000005000 xrw
FLASH            0x0000000008000000 0x0000000000020000 xr
*default*        0x0000000000000000 0xffffffffffffffff

Linker script and memory map

                0x0000000020005000                _estack = (ORIGIN (RAM) + LENGTH (RAM))
                0x0000000000000300                _Min_Heap_Size = 0x300
                0x0000000000000500                _Min_Stack_Size = 0x500

.isr_vector     0x0000000008000000      0x10c
                0x0000000008000000                . = ALIGN (0x4)
 *(.isr_vector)
 .isr_vector    0x0000000008000000      0x10c build_OLED_WATCH/startup_stm32f10x_md.o
                0x0000000008000000                g_pfnVectors
                0x000000000800010c                . = ALIGN (0x4)

.text           0x0000000008000110     0xc838
                0x0000000008000110                . = ALIGN (0x4)
 *(.text)
 .text          0x0000000008000110      0x378 /home/giahuy/tools/gcc-arm-none-eabi-10.3-2021.10/lib/gcc/arm-none-eabi/10.3.1/thumb/v7-m/nofp/libgcc.a(_arm_addsubdf3.o)
                0x0000000008000110                __aeabi_drsub
                0x0000000008000118                __aeabi_dsub
                0x0000000008000118                __subdf3
                0x000000000800011c                __adddf3
                0x000000000800011c                __aeabi_dadd
                0x0000000008000394                __aeabi_ui2d
                0x0000000008000394                __floatunsidf
                0x00000000080003b4                __floatsidf
                0x00000000080003b4                __aeabi_i2d
                0x00000000080003d8                __extendsfdf2
                0x00000000080003d8                __aeabi_f2d
                0x000000000800041c                __aeabi_ul2d
                0x000000000800041c                __floatundidf
                0x000000000800042c                __floatdidf
                0x000000000800042c                __aeabi_l2d
 .text          0x0000000008000488      0x424 /home/giahuy/tools/gcc-arm-none-eabi-10.3-2021.10/lib/gcc/arm-none-eabi/10.3.1/thumb/v7-m/nofp/libgcc.a(_arm_muldivdf3.o)
                0x0000000008000488                __aeabi_dmul
                0x0000000008000488                __muldf3
                0x00000000080006dc                __aeabi_ddiv
                0x00000000080006dc                __divdf3
 .text          0x00000000080008ac      0x110 /home/giahuy/tools/gcc-arm-none-eabi-10.3-2021.10/lib/gcc/arm-none-eabi/10.3.1/thumb/v7-m/nofp/libgcc.a(_arm_cmpdf2.o)
                0x00000000080008ac                __gtdf2
                0x00000000080008ac                __gedf2
                0x00000000080008b4                __ltdf2
                0x00000000080008b4                __ledf2
                0x00000000080008bc                __cmpdf2
                0x00000000080008bc                __eqdf2
                0x00000000080008bc                __nedf2
                0x0000000008000938                __aeabi_cdrcmple
                0x0000000008000948                __aeabi_cdcmple
                0x0000000008000948                __aeabi_cdcmpeq
                0x0000000008000958                __aeabi_dcmpeq
                0x000000000800096c                __aeabi_dcmplt
                0x0000000008000980                __aeabi_dcmple
                0x0000000008000994                __aeabi_dcmpge
                0x00000000080009a8                __aeabi_dcmpgt
 .text          0x00000000080009bc       0x2c /home/giahuy/tools/gcc-arm-none-eabi-10.3-2021.10/lib/gcc/arm-none-eabi/10.3.1/thumb/v7-m/nofp/libgcc.a(_arm_unorddf2.o)
                0x00000000080009bc                __aeabi_dcmpun
                0x00000000080009bc                __unorddf2
 .text          0x00000000080009e8       0x50 /home/giahuy/tools/gcc-arm-none-eabi-10.3-2021.10/lib/gcc/arm-none-eabi/10.3.1/thumb/v7-m/nofp/libgcc.a(_arm_fixdfsi.o)
                0x00000000080009e8                __fixdfsi
                0x00000000080009e8                __aeabi_d2iz
 .text          0x0000000008000a38       0xa0 /home/giahuy/tools/gcc-arm-none-eabi-10.3-2021.10/lib/gcc/arm-none-eabi/10.3.1/thumb/v7-m/nofp/libgcc.a(_arm_truncdfsf2.o)
                0x0000000008000a38                __aeabi_d2f
                0x0000000008000a38                __truncdfsf2
 .text          0x0000000008000ad8      0x21c /home/giahuy/tools/gcc-arm-none-eabi-10.3-2021.10/lib/gcc/arm-none-eabi/10.3.1/thumb/v7-m/nofp/libgcc.a(_arm_addsubsf3.o)
                0x0000000008000ad8                __aeabi_frsub
                0x0000000008000ae0                __subsf3
                0x0000000008000ae0                __aeabi_fsub
                0x0000000008000ae4                __aeabi_fadd
                0x0000000008000ae4                __addsf3
                0x0000000008000c44                __aeabi_ui2f
                0x0000000008000c44                __floatunsisf
                0x0000000008000c4c                __aeabi_i2f
                0x0000000008000c4c                __floatsisf
                0x0000000008000c68                __floatundisf
                0x0000000008000c68                __aeabi_ul2f
                0x0000000008000c78                __floatdisf
                0x0000000008000c78                __aeabi_l2f
 .text          0x0000000008000cf4      0x2a0 /home/giahuy/tools/gcc-arm-none-eabi-10.3-2021.10/lib/gcc/arm-none-eabi/10.3.1/thumb/v7-m/nofp/libgcc.a(_arm_muldivsf3.o)
                0x0000000008000cf4                __mulsf3
                0x0000000008000cf4                __aeabi_fmul
                0x0000000008000e5c                __divsf3
                0x0000000008000e5c                __aeabi_fdiv
 .text          0x0000000008000f94       0xec /home/giahuy/tools/gcc-arm-none-eabi-10.3-2021.10/lib/gcc/arm-none-eabi/10.3.1/thumb/v7-m/nofp/libgcc.a(_arm_cmpsf2.o)
                0x0000000008000f94                __gtsf2
                0x0000000008000f94                __gesf2
                0x0000000008000f9c                __lesf2
                0x0000000008000f9c                __ltsf2
                0x0000000008000fa4                __nesf2
                0x0000000008000fa4                __eqsf2
                0x0000000008000fa4                __cmpsf2
                0x0000000008001004                __aeabi_cfrcmple
                0x000000000800100c                __aeabi_cfcmple
                0x000000000800100c                __aeabi_cfcmpeq
                0x000000000800101c                __aeabi_fcmpeq
                0x0000000008001030                __aeabi_fcmplt
                0x0000000008001044                __aeabi_fcmple
                0x0000000008001058                __aeabi_fcmpge
                0x000000000800106c                __aeabi_fcmpgt
 .text          0x0000000008001080       0x2c /home/giahuy/tools/gcc-arm-none-eabi-10.3-2021.10/lib/gcc/arm-none-eabi/10.3.1/thumb/v7-m/nofp/libgcc.a(_arm_unordsf2.o)
                0x0000000008001080                __aeabi_fcmpun
                0x0000000008001080                __unordsf2
 .text          0x00000000080010ac       0x4c /home/giahuy/tools/gcc-arm-none-eabi-10.3-2021.10/lib/gcc/arm-none-eabi/10.3.1/thumb/v7-m/nofp/libgcc.a(_arm_fixsfsi.o)
                0x00000000080010ac                __fixsfsi
                0x00000000080010ac                __aeabi_f2iz
 .text          0x00000000080010f8       0x30 /home/giahuy/tools/gcc-arm-none-eabi-10.3-2021.10/lib/gcc/arm-none-eabi/10.3.1/thumb/v7-m/nofp/libgcc.a(_aeabi_uldivmod.o)
                0x00000000080010f8                __aeabi_uldivmod
 .text          0x0000000008001128      0x2d4 /home/giahuy/tools/gcc-arm-none-eabi-10.3-2021.10/lib/gcc/arm-none-eabi/10.3.1/thumb/v7-m/nofp/libgcc.a(_udivmoddi4.o)
                0x0000000008001128                __udivmoddi4
 .text          0x00000000080013fc        0x4 /home/giahuy/tools/gcc-arm-none-eabi-10.3-2021.10/lib/gcc/arm-none-eabi/10.3.1/thumb/v7-m/nofp/libgcc.a(_dvmd_tls.o)
                0x00000000080013fc                __aeabi_ldiv0
                0x00000000080013fc                __aeabi_idiv0
 *(.text*)
 .text.GPIO_Init
                0x0000000008001400       0xb2 build_OLED_WATCH/stm32f10x_gpio.o
                0x0000000008001400                GPIO_Init
 .text.GPIO_ReadInputDataBit
                0x00000000080014b2        0xe build_OLED_WATCH/stm32f10x_gpio.o
                0x00000000080014b2                GPIO_ReadInputDataBit
 .text.GPIO_SetBits
                0x00000000080014c0        0x4 build_OLED_WATCH/stm32f10x_gpio.o
                0x00000000080014c0                GPIO_SetBits
 .text.GPIO_ResetBits
                0x00000000080014c4        0x4 build_OLED_WATCH/stm32f10x_gpio.o
                0x00000000080014c4                GPIO_ResetBits
 .text.GPIO_PinRemapConfig
                0x00000000080014c8       0x7c build_OLED_WATCH/stm32f10x_gpio.o
                0x00000000080014c8                GPIO_PinRemapConfig
 .text.BKP_WriteBackupRegister
                0x0000000008001544       0x1c build_OLED_WATCH/stm32f10x_bkp.o
                0x0000000008001544                BKP_WriteBackupRegister
 .text.BKP_ReadBackupRegister
                0x0000000008001560       0x20 build_OLED_WATCH/stm32f10x_bkp.o
                0x0000000008001560                BKP_ReadBackupRegister
 .text.RCC_ADCCLKConfig
                0x0000000008001580       0x14 build_OLED_WATCH/stm32f10x_rcc.o
                0x0000000008001580                RCC_ADCCLKConfig
 .text.RCC_LSEConfig
                0x0000000008001594       0x30 build_OLED_WATCH/stm32f10x_rcc.o
                0x0000000008001594                RCC_LSEConfig
 .text.RCC_RTCCLKConfig
                0x00000000080015c4       0x10 build_OLED_WATCH/stm32f10x_rcc.o
                0x00000000080015c4                RCC_RTCCLKConfig
 .text.RCC_RTCCLKCmd
                0x00000000080015d4        0xc build_OLED_WATCH/stm32f10x_rcc.o
                0x00000000080015d4                RCC_RTCCLKCmd
 .text.RCC_GetClocksFreq
                0x00000000080015e0       0xbc build_OLED_WATCH/stm32f10x_rcc.o
                0x00000000080015e0                RCC_GetClocksFreq
 .text.RCC_AHBPeriphClockCmd
                0x000000000800169c       0x1c build_OLED_WATCH/stm32f10x_rcc.o
                0x000000000800169c                RCC_AHBPeriphClockCmd
 .text.RCC_APB2PeriphClockCmd
                0x00000000080016b8       0x1c build_OLED_WATCH/stm32f10x_rcc.o
                0x00000000080016b8                RCC_APB2PeriphClockCmd
 .text.RCC_APB1PeriphClockCmd
                0x00000000080016d4       0x1c build_OLED_WATCH/stm32f10x_rcc.o
                0x00000000080016d4                RCC_APB1PeriphClockCmd
 .text.RCC_GetFlagStatus
                0x00000000080016f0       0x34 build_OLED_WATCH/stm32f10x_rcc.o
                0x00000000080016f0                RCC_GetFlagStatus
 .text.DMA_Init
                0x0000000008001724       0x3e build_OLED_WATCH/stm32f10x_dma.o
                0x0000000008001724                DMA_Init
 .text.SPI_Init
                0x0000000008001762       0x4e build_OLED_WATCH/stm32f10x_spi.o
                0x0000000008001762                SPI_Init
 .text.SPI_Cmd  0x00000000080017b0       0x1c build_OLED_WATCH/stm32f10x_spi.o
                0x00000000080017b0                SPI_Cmd
 .text.SPI_I2S_SendData
                0x00000000080017cc        0x4 build_OLED_WATCH/stm32f10x_spi.o
                0x00000000080017cc                SPI_I2S_SendData
 .text.ADC_Init
                0x00000000080017d0       0x4c build_OLED_WATCH/stm32f10x_adc.o
                0x00000000080017d0                ADC_Init
 .text.ADC_Cmd  0x000000000800181c       0x16 build_OLED_WATCH/stm32f10x_adc.o
                0x000000000800181c                ADC_Cmd
 .text.ADC_ResetCalibration
                0x0000000008001832        0xa build_OLED_WATCH/stm32f10x_adc.o
                0x0000000008001832                ADC_ResetCalibration
 .text.ADC_GetResetCalibrationStatus
                0x000000000800183c       0x10 build_OLED_WATCH/stm32f10x_adc.o
                0x000000000800183c                ADC_GetResetCalibrationStatus
 .text.ADC_StartCalibration
                0x000000000800184c        0xa build_OLED_WATCH/stm32f10x_adc.o
                0x000000000800184c                ADC_StartCalibration
 .text.ADC_GetCalibrationStatus
                0x0000000008001856       0x10 build_OLED_WATCH/stm32f10x_adc.o
                0x0000000008001856                ADC_GetCalibrationStatus
 .text.ADC_SoftwareStartConvCmd
                0x0000000008001866       0x16 build_OLED_WATCH/stm32f10x_adc.o
                0x0000000008001866                ADC_SoftwareStartConvCmd
 .text.ADC_RegularChannelConfig
                0x000000000800187c       0x98 build_OLED_WATCH/stm32f10x_adc.o
                0x000000000800187c                ADC_RegularChannelConfig
 .text.ADC_GetConversionValue
                0x0000000008001914        0x6 build_OLED_WATCH/stm32f10x_adc.o
                0x0000000008001914                ADC_GetConversionValue
 *fill*         0x000000000800191a        0x2 
 .text.ADC_TempSensorVrefintCmd
                0x000000000800191c       0x20 build_OLED_WATCH/stm32f10x_adc.o
                0x000000000800191c                ADC_TempSensorVrefintCmd
 .text.ADC_GetFlagStatus
                0x000000000800193c        0xe build_OLED_WATCH/stm32f10x_adc.o
                0x000000000800193c                ADC_GetFlagStatus
 *fill*         0x000000000800194a        0x2 
 .text.RTC_EnterConfigMode
                0x000000000800194c       0x14 build_OLED_WATCH/stm32f10x_rtc.o
                0x000000000800194c                RTC_EnterConfigMode
 .text.RTC_ExitConfigMode
                0x0000000008001960       0x14 build_OLED_WATCH/stm32f10x_rtc.o
                0x0000000008001960                RTC_ExitConfigMode
 .text.RTC_GetCounter
                0x0000000008001974       0x14 build_OLED_WATCH/stm32f10x_rtc.o
                0x0000000008001974                RTC_GetCounter
 .text.RTC_SetCounter
                0x0000000008001988       0x1c build_OLED_WATCH/stm32f10x_rtc.o
                0x0000000008001988                RTC_SetCounter
 .text.RTC_SetPrescaler
                0x00000000080019a4       0x20 build_OLED_WATCH/stm32f10x_rtc.o
                0x00000000080019a4                RTC_SetPrescaler
 .text.RTC_WaitForLastTask
                0x00000000080019c4       0x10 build_OLED_WATCH/stm32f10x_rtc.o
                0x00000000080019c4                RTC_WaitForLastTask
 .text.RTC_WaitForSynchro
                0x00000000080019d4       0x20 build_OLED_WATCH/stm32f10x_rtc.o
                0x00000000080019d4                RTC_WaitForSynchro
 .text.PWR_BackupAccessCmd
                0x00000000080019f4        0xc build_OLED_WATCH/stm32f10x_pwr.o
                0x00000000080019f4                PWR_BackupAccessCmd
 .text.IWDG_WriteAccessCmd
                0x0000000008001a00        0xc build_OLED_WATCH/stm32f10x_iwdg.o
                0x0000000008001a00                IWDG_WriteAccessCmd
 .text.IWDG_SetPrescaler
                0x0000000008001a0c        0xc build_OLED_WATCH/stm32f10x_iwdg.o
                0x0000000008001a0c                IWDG_SetPrescaler
 .text.IWDG_SetReload
                0x0000000008001a18        0xc build_OLED_WATCH/stm32f10x_iwdg.o
                0x0000000008001a18                IWDG_SetReload
 .text.IWDG_ReloadCounter
                0x0000000008001a24       0x10 build_OLED_WATCH/stm32f10x_iwdg.o
                0x0000000008001a24                IWDG_ReloadCounter
 .text.IWDG_Enable
                0x0000000008001a34       0x10 build_OLED_WATCH/stm32f10x_iwdg.o
                0x0000000008001a34                IWDG_Enable
 .text.IWDG_GetFlagStatus
                0x0000000008001a44       0x14 build_OLED_WATCH/stm32f10x_iwdg.o
                0x0000000008001a44                IWDG_GetFlagStatus
 .text.I2C_Init
                0x0000000008001a58       0xdc build_OLED_WATCH/stm32f10x_i2c.o
                0x0000000008001a58                I2C_Init
 .text.I2C_Cmd  0x0000000008001b34       0x1c build_OLED_WATCH/stm32f10x_i2c.o
                0x0000000008001b34                I2C_Cmd
 .text.I2C_GenerateSTART
                0x0000000008001b50       0x1c build_OLED_WATCH/stm32f10x_i2c.o
                0x0000000008001b50                I2C_GenerateSTART
 .text.I2C_GenerateSTOP
                0x0000000008001b6c       0x1c build_OLED_WATCH/stm32f10x_i2c.o
                0x0000000008001b6c                I2C_GenerateSTOP
 .text.I2C_AcknowledgeConfig
                0x0000000008001b88       0x1c build_OLED_WATCH/stm32f10x_i2c.o
                0x0000000008001b88                I2C_AcknowledgeConfig
 .text.I2C_SendData
                0x0000000008001ba4        0x4 build_OLED_WATCH/stm32f10x_i2c.o
                0x0000000008001ba4                I2C_SendData
 .text.I2C_ReceiveData
                0x0000000008001ba8        0x6 build_OLED_WATCH/stm32f10x_i2c.o
                0x0000000008001ba8                I2C_ReceiveData
 .text.I2C_Send7bitAddress
                0x0000000008001bae       0x12 build_OLED_WATCH/stm32f10x_i2c.o
                0x0000000008001bae                I2C_Send7bitAddress
 .text.I2C_CheckEvent
                0x0000000008001bc0       0x1c build_OLED_WATCH/stm32f10x_i2c.o
                0x0000000008001bc0                I2C_CheckEvent
 .text.I2C_GetFlagStatus
                0x0000000008001bdc       0x38 build_OLED_WATCH/stm32f10x_i2c.o
                0x0000000008001bdc                I2C_GetFlagStatus
 .text.I2C_ClearFlag
                0x0000000008001c14        0xc build_OLED_WATCH/stm32f10x_i2c.o
                0x0000000008001c14                I2C_ClearFlag
 .text.SetSysClockTo72
                0x0000000008001c20       0xc4 build_OLED_WATCH/system_stm32f10x.o
 .text.SetSysClock
                0x0000000008001ce4        0x8 build_OLED_WATCH/system_stm32f10x.o
 .text._init    0x0000000008001cec        0x2 build_OLED_WATCH/system_stm32f10x.o
                0x0000000008001cec                _init
 .text._fini    0x0000000008001cee        0x2 build_OLED_WATCH/system_stm32f10x.o
                0x0000000008001cee                _fini
 .text.SystemInit
                0x0000000008001cf0       0x50 build_OLED_WATCH/system_stm32f10x.o
                0x0000000008001cf0                SystemInit
 .text.i2c_hw_write_data
                0x0000000008001d40       0x2c build_OLED_WATCH/io_cfg.o
 .text.btn_ul_init
                0x0000000008001d6c       0x30 build_OLED_WATCH/io_cfg.o
                0x0000000008001d6c                btn_ul_init
 .text.btn_ur_init
                0x0000000008001d9c       0x34 build_OLED_WATCH/io_cfg.o
                0x0000000008001d9c                btn_ur_init
 .text.btn_dl_init
                0x0000000008001dd0       0x34 build_OLED_WATCH/io_cfg.o
                0x0000000008001dd0                btn_dl_init
 .text.btn_dr_init
                0x0000000008001e04       0x30 build_OLED_WATCH/io_cfg.o
                0x0000000008001e04                btn_dr_init
 .text.btn_ul_read
                0x0000000008001e34       0x10 build_OLED_WATCH/io_cfg.o
                0x0000000008001e34                btn_ul_read
 .text.btn_ur_read
                0x0000000008001e44       0x14 build_OLED_WATCH/io_cfg.o
                0x0000000008001e44                btn_ur_read
 .text.btn_dl_read
                0x0000000008001e58       0x14 build_OLED_WATCH/io_cfg.o
                0x0000000008001e58                btn_dl_read
 .text.btn_dr_read
                0x0000000008001e6c       0x10 build_OLED_WATCH/io_cfg.o
                0x0000000008001e6c                btn_dr_read
 .text.oled_hw_init
                0x0000000008001e7c      0x108 build_OLED_WATCH/io_cfg.o
                0x0000000008001e7c                oled_hw_init
 .text.power_pin_init
                0x0000000008001f84       0x30 build_OLED_WATCH/io_cfg.o
                0x0000000008001f84                power_pin_init
 .text.power_pin_on
                0x0000000008001fb4       0x10 build_OLED_WATCH/io_cfg.o
                0x0000000008001fb4                power_pin_on
 .text.power_pin_off
                0x0000000008001fc4       0x10 build_OLED_WATCH/io_cfg.o
                0x0000000008001fc4                power_pin_off
 .text.config_data_init
                0x0000000008001fd4        0xe build_OLED_WATCH/io_cfg.o
                0x0000000008001fd4                config_data_init
 .text.config_data_read
                0x0000000008001fe2       0x3e build_OLED_WATCH/io_cfg.o
                0x0000000008001fe2                config_data_read
 .text.config_data_write
                0x0000000008002020       0x2c build_OLED_WATCH/io_cfg.o
                0x0000000008002020                config_data_write
 .text.watchdog_hw_init
                0x000000000800204c       0x32 build_OLED_WATCH/io_cfg.o
                0x000000000800204c                watchdog_hw_init
 .text.watchdog_hw_reload
                0x000000000800207e        0x8 build_OLED_WATCH/io_cfg.o
                0x000000000800207e                watchdog_hw_reload
 *fill*         0x0000000008002086        0x2 
 .text.i2c_hw_init
                0x0000000008002088       0x6c build_OLED_WATCH/io_cfg.o
                0x0000000008002088                i2c_hw_init
 .text.i2c_hw_start
                0x00000000080020f4       0x98 build_OLED_WATCH/io_cfg.o
                0x00000000080020f4                i2c_hw_start
 .text.i2c_hw_stop
                0x000000000800218c       0x44 build_OLED_WATCH/io_cfg.o
                0x000000000800218c                i2c_hw_stop
 .text.i2c_hw_read_ack
                0x00000000080021d0       0x38 build_OLED_WATCH/io_cfg.o
                0x00000000080021d0                i2c_hw_read_ack
 .text.i2c_hw_read_nack
                0x0000000008002208       0x44 build_OLED_WATCH/io_cfg.o
                0x0000000008002208                i2c_hw_read_nack
 .text.i2c_hw_write
                0x000000000800224c       0x20 build_OLED_WATCH/io_cfg.o
                0x000000000800224c                i2c_hw_write
 .text.i2c_hw_read
                0x000000000800226c       0x24 build_OLED_WATCH/io_cfg.o
                0x000000000800226c                i2c_hw_read
 .text.i2c_hw_read_multi
                0x0000000008002290       0x44 build_OLED_WATCH/io_cfg.o
                0x0000000008002290                i2c_hw_read_multi
 .text.adc_hw_init
                0x00000000080022d4       0x78 build_OLED_WATCH/io_cfg.o
                0x00000000080022d4                adc_hw_init
 *fill*         0x000000000800234c        0x4 
 .text.adc_get_bat_voltage
                0x0000000008002350       0x6c build_OLED_WATCH/io_cfg.o
                0x0000000008002350                adc_get_bat_voltage
 .text.adc_get_temp
                0x00000000080023bc       0x50 build_OLED_WATCH/io_cfg.o
                0x00000000080023bc                adc_get_temp
 *fill*         0x000000000800240c        0x4 
 .text.ilog10   0x0000000008002410       0xb8 build_OLED_WATCH/xprintf.o
 .text.i10x     0x00000000080024c8       0x60 build_OLED_WATCH/xprintf.o
 .text.ftoa     0x0000000008002528      0x25c build_OLED_WATCH/xprintf.o
 .text.xvfprintf_buff
                0x0000000008002784      0x3e4 build_OLED_WATCH/xprintf.o
                0x0000000008002784                xvfprintf_buff
 .text.os_cpu_systick_init_freq
                0x0000000008002b68       0x30 build_OLED_WATCH/os_cpu.o
                0x0000000008002b68                os_cpu_systick_init_freq
 .text.SVC_Handler
                0x0000000008002b98       0x20 build_OLED_WATCH/os_cpu.o
                0x0000000008002b98                SVC_Handler
 .text.PendSV_Handler
                0x0000000008002bb8       0x38 build_OLED_WATCH/os_cpu.o
                0x0000000008002bb8                PendSV_Handler
 .text.SysTick_Handler
                0x0000000008002bf0       0x1e build_OLED_WATCH/os_cpu.o
                0x0000000008002bf0                SysTick_Handler
 *fill*         0x0000000008002c0e        0x2 
 .text.os_start_first_task
                0x0000000008002c10       0x24 build_OLED_WATCH/os_kernel.o
 .text.assert_log
                0x0000000008002c34        0x2 build_OLED_WATCH/os_kernel.o
                0x0000000008002c34                assert_log
 *fill*         0x0000000008002c36        0x2 
 .text.os_critical_enter
                0x0000000008002c38       0x10 build_OLED_WATCH/os_kernel.o
                0x0000000008002c38                os_critical_enter
 .text.os_critical_exit
                0x0000000008002c48       0x14 build_OLED_WATCH/os_kernel.o
                0x0000000008002c48                os_critical_exit
 .text.os_init  0x0000000008002c5c       0x10 build_OLED_WATCH/os_kernel.o
                0x0000000008002c5c                os_init
 .text.os_run   0x0000000008002c6c       0x28 build_OLED_WATCH/os_kernel.o
                0x0000000008002c6c                os_run
 .text.os_list_init
                0x0000000008002c94       0x12 build_OLED_WATCH/os_list.o
                0x0000000008002c94                os_list_init
 .text.os_list_item_init
                0x0000000008002ca6        0x6 build_OLED_WATCH/os_list.o
                0x0000000008002ca6                os_list_item_init
 .text.os_list_insert_end
                0x0000000008002cac       0x28 build_OLED_WATCH/os_list.o
                0x0000000008002cac                os_list_insert_end
 .text.os_list_insert
                0x0000000008002cd4       0x38 build_OLED_WATCH/os_list.o
                0x0000000008002cd4                os_list_insert
 .text.os_list_remove
                0x0000000008002d0c       0x26 build_OLED_WATCH/os_list.o
                0x0000000008002d0c                os_list_remove
 .text.list_get_owner_of_next_item
                0x0000000008002d32       0x1a build_OLED_WATCH/os_list.o
                0x0000000008002d32                list_get_owner_of_next_item
 .text.os_mem_heap_init
                0x0000000008002d4c       0x30 build_OLED_WATCH/os_mem.o
 .text.os_mem_malloc
                0x0000000008002d7c       0xc8 build_OLED_WATCH/os_mem.o
                0x0000000008002d7c                os_mem_malloc
 .text.os_mem_free
                0x0000000008002e44       0xc8 build_OLED_WATCH/os_mem.o
                0x0000000008002e44                os_mem_free
 .text.msg_pool_init
                0x0000000008002f0c       0x58 build_OLED_WATCH/os_msg.o
 .text.os_msg_init
                0x0000000008002f64        0x8 build_OLED_WATCH/os_msg.o
                0x0000000008002f64                os_msg_init
 .text.os_msg_free
                0x0000000008002f6c       0x34 build_OLED_WATCH/os_msg.o
                0x0000000008002f6c                os_msg_free
 .text.os_msg_queue_init
                0x0000000008002fa0        0xc build_OLED_WATCH/os_msg.o
                0x0000000008002fa0                os_msg_queue_init
 .text.os_msg_queue_put_pure
                0x0000000008002fac       0x80 build_OLED_WATCH/os_msg.o
                0x0000000008002fac                os_msg_queue_put_pure
 .text.os_msg_queue_get
                0x000000000800302c       0x24 build_OLED_WATCH/os_msg.o
                0x000000000800302c                os_msg_queue_get
 .text.os_prio_insert
                0x0000000008003050       0x20 build_OLED_WATCH/os_prio.o
                0x0000000008003050                os_prio_insert
 .text.os_prio_init
                0x0000000008003070       0x20 build_OLED_WATCH/os_prio.o
                0x0000000008003070                os_prio_init
 .text.os_prio_remove
                0x0000000008003090       0x24 build_OLED_WATCH/os_prio.o
                0x0000000008003090                os_prio_remove
 .text.os_prio_get_highest
                0x00000000080030b4       0x30 build_OLED_WATCH/os_prio.o
                0x00000000080030b4                os_prio_get_highest
 .text.task_idle_func
                0x00000000080030e4        0x2 build_OLED_WATCH/os_task.o
 *fill*         0x00000000080030e6        0x2 
 .text.task_switch_delay_lists
                0x00000000080030e8       0x38 build_OLED_WATCH/os_task.o
 .text.task_timer_func
                0x0000000008003120        0x8 build_OLED_WATCH/os_task.o
 .text.add_task_to_rdy_list
                0x0000000008003128       0x3c build_OLED_WATCH/os_task.o
 .text.init_task_lists
                0x0000000008003164       0x54 build_OLED_WATCH/os_task.o
 .text.add_new_task_to_rdy_list
                0x00000000080031b8       0x80 build_OLED_WATCH/os_task.o
 .text.os_task_create
                0x0000000008003238      0x128 build_OLED_WATCH/os_task.o
 .text.add_curr_task_to_delay_list
                0x0000000008003360       0xc8 build_OLED_WATCH/os_task.o
 .text.os_task_get_tick
                0x0000000008003428        0xc build_OLED_WATCH/os_task.o
                0x0000000008003428                os_task_get_tick
 .text.os_task_create_list
                0x0000000008003434       0x84 build_OLED_WATCH/os_task.o
                0x0000000008003434                os_task_create_list
 .text.os_task_increment_tick
                0x00000000080034b8       0xdc build_OLED_WATCH/os_task.o
                0x00000000080034b8                os_task_increment_tick
 .text.os_task_delay
                0x0000000008003594       0x26 build_OLED_WATCH/os_task.o
                0x0000000008003594                os_task_delay
 *fill*         0x00000000080035ba        0x2 
 .text.os_task_start
                0x00000000080035bc       0x4c build_OLED_WATCH/os_task.o
                0x00000000080035bc                os_task_start
 .text.os_task_post_msg_pure
                0x0000000008003608      0x10c build_OLED_WATCH/os_task.o
                0x0000000008003608                os_task_post_msg_pure
 .text.os_task_wait_for_msg
                0x0000000008003714       0x74 build_OLED_WATCH/os_task.o
                0x0000000008003714                os_task_wait_for_msg
 .text.timer_pool_init
                0x0000000008003788       0x50 build_OLED_WATCH/os_timer.o
 .text.timer_switch_lists
                0x00000000080037d8       0x30 build_OLED_WATCH/os_timer.o
 .text.update_next_tick_to_unblock
                0x0000000008003808       0x34 build_OLED_WATCH/os_timer.o
 .text.init_timer_lists
                0x000000000800383c       0x2c build_OLED_WATCH/os_timer.o
 .text.add_timer_to_list
                0x0000000008003868       0x3c build_OLED_WATCH/os_timer.o
 .text.os_timer_create
                0x00000000080038a4       0x90 build_OLED_WATCH/os_timer.o
                0x00000000080038a4                os_timer_create
 .text.os_timer_remove
                0x0000000008003934       0x34 build_OLED_WATCH/os_timer.o
                0x0000000008003934                os_timer_remove
 .text.os_timer_init
                0x0000000008003968       0x18 build_OLED_WATCH/os_timer.o
                0x0000000008003968                os_timer_init
 .text.os_timer_processing
                0x0000000008003980       0xac build_OLED_WATCH/os_timer.o
                0x0000000008003980                os_timer_processing
 .text.os_timer_start
                0x0000000008003a2c       0x42 build_OLED_WATCH/os_timer.o
                0x0000000008003a2c                os_timer_start
 *fill*         0x0000000008003a6e        0x2 
 .text.os_timer_reset
                0x0000000008003a70       0x48 build_OLED_WATCH/os_timer.o
                0x0000000008003a70                os_timer_reset
 .text.os_timer_set_period
                0x0000000008003ab8       0x12 build_OLED_WATCH/os_timer.o
                0x0000000008003ab8                os_timer_set_period
 .text.MPU6050_Init
                0x0000000008003aca       0x3e build_OLED_WATCH/mpu_6050.o
                0x0000000008003aca                MPU6050_Init
 .text.MPU6050_Read_Accel
                0x0000000008003b08       0x8c build_OLED_WATCH/mpu_6050.o
                0x0000000008003b08                MPU6050_Read_Accel
 *fill*         0x0000000008003b94        0x4 
 .text.MPU6050_Read_Gyro
                0x0000000008003b98       0x88 build_OLED_WATCH/mpu_6050.o
                0x0000000008003b98                MPU6050_Read_Gyro
 .text.Kalman_getAngle
                0x0000000008003c20      0x1f2 build_OLED_WATCH/mpu_6050.o
                0x0000000008003c20                Kalman_getAngle
 *fill*         0x0000000008003e12        0x6 
 .text.MPU6050_Read_Angle
                0x0000000008003e18      0x100 build_OLED_WATCH/mpu_6050.o
                0x0000000008003e18                MPU6050_Read_Angle
 .text.HMC5883L_Write_Byte
                0x0000000008003f18        0xe build_OLED_WATCH/hmc5883l.o
 .text.HMC5883L_Read_Byte
                0x0000000008003f26        0xc build_OLED_WATCH/hmc5883l.o
                0x0000000008003f26                HMC5883L_Read_Byte
 *fill*         0x0000000008003f32        0x2 
 .text.HMC5883LRead
                0x0000000008003f34       0x74 build_OLED_WATCH/hmc5883l.o
                0x0000000008003f34                HMC5883LRead
 .text.HMC5883LInit
                0x0000000008003fa8       0x2c build_OLED_WATCH/hmc5883l.o
                0x0000000008003fa8                HMC5883LInit
 .text.HMC5883LCalculateHeading
                0x0000000008003fd4       0x68 build_OLED_WATCH/hmc5883l.o
                0x0000000008003fd4                HMC5883LCalculateHeading
 .text.button_init
                0x000000000800403c       0x38 build_OLED_WATCH/button.o
                0x000000000800403c                button_init
 .text.button_enable
                0x0000000008004074        0x6 build_OLED_WATCH/button.o
                0x0000000008004074                button_enable
 .text.button_timer_polling
                0x000000000800407a       0x80 build_OLED_WATCH/button.o
                0x000000000800407a                button_timer_polling
 *fill*         0x00000000080040fa        0x2 
 .text.isLeapYear
                0x00000000080040fc       0x3c build_OLED_WATCH/RTC.o
 .text.returnWeekday
                0x0000000008004138       0x98 build_OLED_WATCH/RTC.o
 .text.RTC_Init
                0x00000000080041d0       0x42 build_OLED_WATCH/RTC.o
                0x00000000080041d0                RTC_Init
 .text._ZN8RTCSTM32C2Ev
                0x0000000008004212        0x2 build_OLED_WATCH/RTC.o
                0x0000000008004212                RTCSTM32::RTCSTM32()
                0x0000000008004212                RTCSTM32::RTCSTM32()
 .text._ZN8RTCSTM32D2Ev
                0x0000000008004214        0x2 build_OLED_WATCH/RTC.o
                0x0000000008004214                RTCSTM32::~RTCSTM32()
                0x0000000008004214                RTCSTM32::~RTCSTM32()
 *fill*         0x0000000008004216        0x2 
 .text._ZN8RTCSTM324initEv
                0x0000000008004218       0x5c build_OLED_WATCH/RTC.o
                0x0000000008004218                RTCSTM32::init()
 .text._ZN8RTCSTM3211getDateTimeEv
                0x0000000008004274      0x118 build_OLED_WATCH/RTC.o
                0x0000000008004274                RTCSTM32::getDateTime()
 .text._ZN8RTCSTM3211setDateTimeEthhhhh
                0x000000000800438c       0xa8 build_OLED_WATCH/RTC.o
                0x000000000800438c                RTCSTM32::setDateTime(unsigned short, unsigned char, unsigned char, unsigned char, unsigned char, unsigned char)
 .text._Z14SH1106_RST_Clrv
                0x0000000008004434       0x10 build_OLED_WATCH/sh1106.o
                0x0000000008004434                SH1106_RST_Clr()
 .text._Z14SH1106_RST_Setv
                0x0000000008004444       0x10 build_OLED_WATCH/sh1106.o
                0x0000000008004444                SH1106_RST_Set()
 .text._ZL12SH1106_Resetv
                0x0000000008004454       0x44 build_OLED_WATCH/sh1106.o
 .text._Z13SH1106_DC_Clrv
                0x0000000008004498       0x10 build_OLED_WATCH/sh1106.o
                0x0000000008004498                SH1106_DC_Clr()
 .text._Z13SH1106_DC_Setv
                0x00000000080044a8       0x10 build_OLED_WATCH/sh1106.o
                0x00000000080044a8                SH1106_DC_Set()
 .text._ZL16SH1106_WriteBytehh
                0x00000000080044b8       0x20 build_OLED_WATCH/sh1106.o
 .text._Z14SH1106_IO_Initv
                0x00000000080044d8        0x8 build_OLED_WATCH/sh1106.o
                0x00000000080044d8                SH1106_IO_Init()
 .text._ZN6sh110614sh1106_commandEh
                0x00000000080044e0        0xc build_OLED_WATCH/sh1106.o
                0x00000000080044e0                sh1106::sh1106_command(unsigned char)
 .text._ZN6sh110611sh1106_dataEh
                0x00000000080044ec        0xc build_OLED_WATCH/sh1106.o
                0x00000000080044ec                sh1106::sh1106_data(unsigned char)
 .text._ZN6sh1106C2Ev
                0x00000000080044f8        0x2 build_OLED_WATCH/sh1106.o
                0x00000000080044f8                sh1106::sh1106()
                0x00000000080044f8                sh1106::sh1106()
 .text._ZN6sh1106D2Ev
                0x00000000080044fa        0x2 build_OLED_WATCH/sh1106.o
                0x00000000080044fa                sh1106::~sh1106()
                0x00000000080044fa                sh1106::~sh1106()
 .text._ZN6sh110614display_bufferEPKh
                0x00000000080044fc       0x44 build_OLED_WATCH/sh1106.o
                0x00000000080044fc                sh1106::display_buffer(unsigned char const*)
 .text._ZN6sh11065clearEv
                0x0000000008004540       0x14 build_OLED_WATCH/sh1106.o
                0x0000000008004540                sh1106::clear()
 .text._ZN6sh11064initEv
                0x0000000008004554       0xfc build_OLED_WATCH/sh1106.o
                0x0000000008004554                sh1106::init()
 .text._ZN6sh110613invertDisplayEh
                0x0000000008004650       0x14 build_OLED_WATCH/sh1106.o
                0x0000000008004650                sh1106::invertDisplay(unsigned char)
 .text._ZN6sh110613setBrightnessEh
                0x0000000008004664       0x16 build_OLED_WATCH/sh1106.o
                0x0000000008004664                sh1106::setBrightness(unsigned char)
 .text._Z14gui_initializev
                0x000000000800467a       0x10 build_OLED_WATCH/gui.o
                0x000000000800467a                gui_initialize()
 .text._Z7gui_runv
                0x000000000800468a        0xc build_OLED_WATCH/gui.o
                0x000000000800468a                gui_run()
 *fill*         0x0000000008004696        0x2 
 .text._Z41__static_initialization_and_destruction_0ii
                0x0000000008004698       0x34 build_OLED_WATCH/gui_port.o
 .text.get_tick
                0x00000000080046cc        0x8 build_OLED_WATCH/gui_port.o
                0x00000000080046cc                get_tick
 .text.oled_init
                0x00000000080046d4       0x10 build_OLED_WATCH/gui_port.o
                0x00000000080046d4                oled_init
 .text.oled_update
                0x00000000080046e4       0x10 build_OLED_WATCH/gui_port.o
                0x00000000080046e4                oled_update
 .text.oled_invert
                0x00000000080046f4       0x10 build_OLED_WATCH/gui_port.o
                0x00000000080046f4                oled_invert
 .text.oled_set_brightness
                0x0000000008004704       0x10 build_OLED_WATCH/gui_port.o
                0x0000000008004704                oled_set_brightness
 .text._GLOBAL__sub_I_my_display
                0x0000000008004714        0xe build_OLED_WATCH/gui_port.o
 .text._GLOBAL__sub_D_my_display
                0x0000000008004722        0xe build_OLED_WATCH/gui_port.o
 .text._ZL14gui_write_bytess10draw_styleh
                0x0000000008004730       0x4c build_OLED_WATCH/gui_render.o
 .text._ZL21gui_window_write_byteP6windowss10draw_styleh
                0x000000000800477c       0xde build_OLED_WATCH/gui_render.o
 *fill*         0x000000000800485a        0x2 
 .text.gui_clear_buff
                0x000000000800485c       0x14 build_OLED_WATCH/gui_render.o
                0x000000000800485c                gui_clear_buff
 .text.gui_refresh
                0x0000000008004870       0x10 build_OLED_WATCH/gui_render.o
                0x0000000008004870                gui_refresh
 .text.gui_window_draw_pixel
                0x0000000008004880       0x10 build_OLED_WATCH/gui_render.o
                0x0000000008004880                gui_window_draw_pixel
 .text.gui_window_draw_bmp
                0x0000000008004890       0xe2 build_OLED_WATCH/gui_render.o
                0x0000000008004890                gui_window_draw_bmp
 .text.gui_window_draw_line
                0x0000000008004972       0xba build_OLED_WATCH/gui_render.o
                0x0000000008004972                gui_window_draw_line
 .text.gui_window_draw_vline
                0x0000000008004a2c       0x1e build_OLED_WATCH/gui_render.o
                0x0000000008004a2c                gui_window_draw_vline
 .text.gui_window_draw_hline
                0x0000000008004a4a       0x1c build_OLED_WATCH/gui_render.o
                0x0000000008004a4a                gui_window_draw_hline
 .text.gui_window_draw_rect
                0x0000000008004a66       0x78 build_OLED_WATCH/gui_render.o
                0x0000000008004a66                gui_window_draw_rect
 .text.gui_window_fill_rect
                0x0000000008004ade       0x3a build_OLED_WATCH/gui_render.o
                0x0000000008004ade                gui_window_fill_rect
 .text.gui_window_fill_circle_helper
                0x0000000008004b18      0x138 build_OLED_WATCH/gui_render.o
                0x0000000008004b18                gui_window_fill_circle_helper
 .text.gui_window_fill_round_rect
                0x0000000008004c50       0x8e build_OLED_WATCH/gui_render.o
                0x0000000008004c50                gui_window_fill_round_rect
 *fill*         0x0000000008004cde        0x2 
 .text.gui_window_draw_char
                0x0000000008004ce0       0x50 build_OLED_WATCH/gui_render.o
                0x0000000008004ce0                gui_window_draw_char
 .text.gui_window_draw_str
                0x0000000008004d30       0x4e build_OLED_WATCH/gui_render.o
                0x0000000008004d30                gui_window_draw_str
 .text._ZN7gui_obj5set_xEs
                0x0000000008004d7e        0x4 build_OLED_WATCH/gui_core.o
                0x0000000008004d7e                gui_obj::set_x(short)
 .text._ZN7gui_obj5set_yEs
                0x0000000008004d82        0x4 build_OLED_WATCH/gui_core.o
                0x0000000008004d82                gui_obj::set_y(short)
 .text._ZN7gui_obj8set_fadeEh
                0x0000000008004d86        0xe build_OLED_WATCH/gui_core.o
                0x0000000008004d86                gui_obj::set_fade(unsigned char)
 .text._ZN7gui_obj4drawEv
                0x0000000008004d94        0x2 build_OLED_WATCH/gui_core.o
                0x0000000008004d94                gui_obj::draw()
 .text.gui_get_tick_now
                0x0000000008004d96        0x8 build_OLED_WATCH/gui_core.o
                0x0000000008004d96                gui_get_tick_now
 .text.gui_get_tick_elap
                0x0000000008004d9e       0x16 build_OLED_WATCH/gui_core.o
                0x0000000008004d9e                gui_get_tick_elap
 .text._ZN7gui_obj12gui_obj_initEv
                0x0000000008004db4       0x14 build_OLED_WATCH/gui_core.o
                0x0000000008004db4                gui_obj::gui_obj_init()
 .text._ZN7gui_obj8gui_initEv
                0x0000000008004dc8       0x1c build_OLED_WATCH/gui_core.o
                0x0000000008004dc8                gui_obj::gui_init()
 .text._ZN7gui_obj16gui_obj_add_headEPS_
                0x0000000008004de4       0x38 build_OLED_WATCH/gui_core.o
                0x0000000008004de4                gui_obj::gui_obj_add_head(gui_obj*)
 .text._ZN7gui_obj16gui_obj_add_tailEPS_
                0x0000000008004e1c       0x34 build_OLED_WATCH/gui_core.o
                0x0000000008004e1c                gui_obj::gui_obj_add_tail(gui_obj*)
 .text._ZN7gui_obj14gui_obj_removeEPS_
                0x0000000008004e50       0x5c build_OLED_WATCH/gui_core.o
                0x0000000008004e50                gui_obj::gui_obj_remove(gui_obj*)
 .text._ZN7gui_obj7destroyEv
                0x0000000008004eac        0x8 build_OLED_WATCH/gui_core.o
                0x0000000008004eac                gui_obj::destroy()
 .text._ZN7gui_obj10set_allignE9gui_align
                0x0000000008004eb4      0x11e build_OLED_WATCH/gui_core.o
                0x0000000008004eb4                gui_obj::set_allign(gui_align)
 *fill*         0x0000000008004fd2        0x2 
 .text._ZN7gui_obj9draw_fadeEv
                0x0000000008004fd4      0x284 build_OLED_WATCH/gui_core.o
                0x0000000008004fd4                gui_obj::draw_fade()
 .text._ZN7gui_obj14gui_obj_renderEv
                0x0000000008005258       0x54 build_OLED_WATCH/gui_core.o
                0x0000000008005258                gui_obj::gui_obj_render()
 .text._ZL10animate_fxf
                0x00000000080052ac        0x2 build_OLED_WATCH/gui_anim.o
 .text._ZN8gui_animC2Ev
                0x00000000080052ae        0x2 build_OLED_WATCH/gui_anim.o
                0x00000000080052ae                gui_anim::gui_anim()
                0x00000000080052ae                gui_anim::gui_anim()
 .text._ZN8gui_anim12set_behaviorEtb
                0x00000000080052b0        0x6 build_OLED_WATCH/gui_anim.o
                0x00000000080052b0                gui_anim::set_behavior(unsigned short, bool)
 *fill*         0x00000000080052b6        0x2 
 .text._ZN8gui_anim13gui_anim_initEv
                0x00000000080052b8       0x14 build_OLED_WATCH/gui_anim.o
                0x00000000080052b8                gui_anim::gui_anim_init()
 .text._ZN8gui_anim12gui_anim_addEPS_
                0x00000000080052cc       0x40 build_OLED_WATCH/gui_anim.o
                0x00000000080052cc                gui_anim::gui_anim_add(gui_anim*)
 .text._ZN8gui_anim15gui_anim_deleteEPS_
                0x000000000800530c       0x60 build_OLED_WATCH/gui_anim.o
                0x000000000800530c                gui_anim::gui_anim_delete(gui_anim*)
 .text._ZN8gui_anim4stopEv
                0x000000000800536c       0x10 build_OLED_WATCH/gui_anim.o
                0x000000000800536c                gui_anim::stop()
 .text._ZN8gui_animD2Ev
                0x000000000800537c       0x30 build_OLED_WATCH/gui_anim.o
                0x000000000800537c                gui_anim::~gui_anim()
                0x000000000800537c                gui_anim::~gui_anim()
 .text._ZN8gui_anim11create_moveEP7gui_objsst
                0x00000000080053ac       0x54 build_OLED_WATCH/gui_anim.o
                0x00000000080053ac                gui_anim::create_move(gui_obj*, short, short, unsigned short)
 .text._ZN8gui_anim18create_move_offsetEP7gui_objsst
                0x0000000008005400       0x34 build_OLED_WATCH/gui_anim.o
                0x0000000008005400                gui_anim::create_move_offset(gui_obj*, short, short, unsigned short)
 .text._ZN8gui_anim13create_resizeEP7gui_objsssst
                0x0000000008005434       0x6c build_OLED_WATCH/gui_anim.o
                0x0000000008005434                gui_anim::create_resize(gui_obj*, short, short, short, short, unsigned short)
 .text._ZN8gui_anim11create_fadeEP7gui_objhht
                0x00000000080054a0       0x4e build_OLED_WATCH/gui_anim.o
                0x00000000080054a0                gui_anim::create_fade(gui_obj*, unsigned char, unsigned char, unsigned short)
 .text._ZN8gui_anim26gui_anim_inverse_attributeEPS_
                0x00000000080054ee       0x54 build_OLED_WATCH/gui_anim.o
                0x00000000080054ee                gui_anim::gui_anim_inverse_attribute(gui_anim*)
 *fill*         0x0000000008005542        0x2 
 .text._ZN8gui_anim7get_fpsEv
                0x0000000008005544        0xc build_OLED_WATCH/gui_anim.o
                0x0000000008005544                gui_anim::get_fps()
 .text._ZN8gui_anim12gui_anim_runEv
                0x0000000008005550      0x29c build_OLED_WATCH/gui_anim.o
                0x0000000008005550                gui_anim::gui_anim_run()
 .text.page_create
                0x00000000080057ec       0x38 build_OLED_WATCH/gui_page_manager.o
                0x00000000080057ec                page_create
 .text.page_jump_to
                0x0000000008005824       0x40 build_OLED_WATCH/gui_page_manager.o
                0x0000000008005824                page_jump_to
 .text.gui_page_init
                0x0000000008005864       0x34 build_OLED_WATCH/gui_page_manager.o
                0x0000000008005864                gui_page_init
 .text.gui_page_run
                0x0000000008005898       0x44 build_OLED_WATCH/gui_page_manager.o
                0x0000000008005898                gui_page_run
 .text._ZN9gui_group5set_xEs
                0x00000000080058dc       0x3c build_OLED_WATCH/gui_group.o
                0x00000000080058dc                gui_group::set_x(short)
 .text._ZN9gui_group5set_yEs
                0x0000000008005918       0x3c build_OLED_WATCH/gui_group.o
                0x0000000008005918                gui_group::set_y(short)
 .text._ZN9gui_group8set_fadeEh
                0x0000000008005954       0x4a build_OLED_WATCH/gui_group.o
                0x0000000008005954                gui_group::set_fade(unsigned char)
 *fill*         0x000000000800599e        0x2 
 .text._ZN9gui_group7destroyEv
                0x00000000080059a0      0x114 build_OLED_WATCH/gui_group.o
                0x00000000080059a0                gui_group::destroy()
 .text._ZN9gui_group6createEssss
                0x0000000008005ab4       0x5e build_OLED_WATCH/gui_group.o
                0x0000000008005ab4                gui_group::create(short, short, short, short)
 .text._ZN9gui_group14set_pos_offsetEss
                0x0000000008005b12       0x6a build_OLED_WATCH/gui_group.o
                0x0000000008005b12                gui_group::set_pos_offset(short, short)
 .text._ZN9gui_group7add_objEP7gui_obj8gui_flag
                0x0000000008005b7c       0x98 build_OLED_WATCH/gui_group.o
                0x0000000008005b7c                gui_group::add_obj(gui_obj*, gui_flag)
 .text._ZN9gui_group13get_focus_objEv
                0x0000000008005c14        0xc build_OLED_WATCH/gui_group.o
                0x0000000008005c14                gui_group::get_focus_obj()
 .text._ZL19idctor_focus_memberPv
                0x0000000008005c20       0x14 build_OLED_WATCH/gui_group.o
 .text._ZN9gui_group15get_focus_indexEv
                0x0000000008005c34        0x6 build_OLED_WATCH/gui_group.o
                0x0000000008005c34                gui_group::get_focus_index()
 *fill*         0x0000000008005c3a        0x2 
 .text._ZN9gui_group9focus_objEh
                0x0000000008005c3c      0x17c build_OLED_WATCH/gui_group.o
                0x0000000008005c3c                gui_group::focus_obj(unsigned char)
 .text._ZN14gui_free_style4drawEv
                0x0000000008005db8        0x8 build_OLED_WATCH/gui_free_style.o
                0x0000000008005db8                gui_free_style::draw()
 .text._ZN14gui_free_style7destroyEv
                0x0000000008005dc0       0x24 build_OLED_WATCH/gui_free_style.o
                0x0000000008005dc0                gui_free_style::destroy()
 .text._ZN14gui_free_style6createEssssPFvP7gui_objE
                0x0000000008005de4       0x4c build_OLED_WATCH/gui_free_style.o
                0x0000000008005de4                gui_free_style::create(short, short, short, short, void (*)(gui_obj*))
 .text._ZN9gui_label4drawEv
                0x0000000008005e30       0x20 build_OLED_WATCH/gui_label.o
                0x0000000008005e30                gui_label::draw()
 .text._ZN9gui_label7destroyEv
                0x0000000008005e50       0x26 build_OLED_WATCH/gui_label.o
                0x0000000008005e50                gui_label::destroy()
 *fill*         0x0000000008005e76        0x2 
 .text._ZN9gui_label6createEss
                0x0000000008005e78       0x48 build_OLED_WATCH/gui_label.o
                0x0000000008005e78                gui_label::create(short, short)
 .text._ZN9gui_label6printfEPKcz
                0x0000000008005ec0       0x74 build_OLED_WATCH/gui_label.o
                0x0000000008005ec0                gui_label::printf(char const*, ...)
 .text._ZN10gui_slider4drawEv
                0x0000000008005f34      0x114 build_OLED_WATCH/gui_slider.o
                0x0000000008005f34                gui_slider::draw()
 .text._ZN10gui_slider7destroyEv
                0x0000000008006048       0x28 build_OLED_WATCH/gui_slider.o
                0x0000000008006048                gui_slider::destroy()
 .text._ZN10gui_slider6createEssssss11slider_type
                0x0000000008006070       0x8c build_OLED_WATCH/gui_slider.o
                0x0000000008006070                gui_slider::create(short, short, short, short, short, short, slider_type)
 .text._ZN10gui_slider9set_valueEs
                0x00000000080060fc       0x1c build_OLED_WATCH/gui_slider.o
                0x00000000080060fc                gui_slider::set_value(short)
 .text._ZN7gui_bmp4drawEv
                0x0000000008006118       0x2a build_OLED_WATCH/gui_bmp.o
                0x0000000008006118                gui_bmp::draw()
 .text._ZN7gui_bmp7destroyEv
                0x0000000008006142       0x22 build_OLED_WATCH/gui_bmp.o
                0x0000000008006142                gui_bmp::destroy()
 .text._ZN7gui_bmp6createEssssPKh
                0x0000000008006164       0x4c build_OLED_WATCH/gui_bmp.o
                0x0000000008006164                gui_bmp::create(short, short, short, short, unsigned char const*)
 .text._ZN10gui_idctor4drawEv
                0x00000000080061b0       0x2a build_OLED_WATCH/gui_idctor.o
                0x00000000080061b0                gui_idctor::draw()
 .text._ZN10gui_idctor7destroyEv
                0x00000000080061da       0x28 build_OLED_WATCH/gui_idctor.o
                0x00000000080061da                gui_idctor::destroy()
 *fill*         0x0000000008006202        0x2 
 .text._ZN10gui_idctor6createEP7gui_objh
                0x0000000008006204       0x78 build_OLED_WATCH/gui_idctor.o
                0x0000000008006204                gui_idctor::create(gui_obj*, unsigned char)
 .text._ZN10gui_idctor10set_targetEP7gui_obj
                0x000000000800627c       0x54 build_OLED_WATCH/gui_idctor.o
                0x000000000800627c                gui_idctor::set_target(gui_obj*)
 .text._ZN9gui_popup4drawEv
                0x00000000080062d0       0x46 build_OLED_WATCH/gui_popup.o
                0x00000000080062d0                gui_popup::draw()
 .text._ZN9gui_popup7destroyEv
                0x0000000008006316       0xbe build_OLED_WATCH/gui_popup.o
                0x0000000008006316                gui_popup::destroy()
 .text._ZN9gui_popup6createEss
                0x00000000080063d4       0xf4 build_OLED_WATCH/gui_popup.o
                0x00000000080063d4                gui_popup::create(short, short)
 .text._ZN9gui_popup4showEv
                0x00000000080064c8       0x80 build_OLED_WATCH/gui_popup.o
                0x00000000080064c8                gui_popup::show()
 .text._ZN9gui_popup4hideEv
                0x0000000008006548       0x82 build_OLED_WATCH/gui_popup.o
                0x0000000008006548                gui_popup::hide()
 .text._ZN9gui_popup6toggleEv
                0x00000000080065ca       0x14 build_OLED_WATCH/gui_popup.o
                0x00000000080065ca                gui_popup::toggle()
 *fill*         0x00000000080065de        0x2 
 .text._ZL11event_hdlerPv
                0x00000000080065e0       0x74 build_OLED_WATCH/page_watch.o
 .text._ZL4loopPv
                0x0000000008006654      0x1f0 build_OLED_WATCH/page_watch.o
 .text._ZL5setupPv
                0x0000000008006844      0x224 build_OLED_WATCH/page_watch.o
 .text._ZL10delete_objPv
                0x0000000008006a68      0x238 build_OLED_WATCH/page_watch.o
 .text._ZN9gui_labelD2Ev
                0x0000000008006ca0       0x40 build_OLED_WATCH/page_watch.o
                0x0000000008006ca0                gui_label::~gui_label()
                0x0000000008006ca0                gui_label::~gui_label()
 .text._Z41__static_initialization_and_destruction_0ii
                0x0000000008006ce0      0x3e4 build_OLED_WATCH/page_watch.o
 .text.page_watch_reg
                0x00000000080070c4       0x2c build_OLED_WATCH/page_watch.o
                0x00000000080070c4                page_watch_reg
 .text._GLOBAL__sub_I_page_watch_reg
                0x00000000080070f0        0xe build_OLED_WATCH/page_watch.o
 .text._GLOBAL__sub_D_page_watch_reg
                0x00000000080070fe        0xe build_OLED_WATCH/page_watch.o
 .text._ZL4loopPv
                0x000000000800710c       0x24 build_OLED_WATCH/page_menu.o
 .text._ZL11event_hdlerPv
                0x0000000008007130      0x1a8 build_OLED_WATCH/page_menu.o
 .text._ZL5setupPv
                0x00000000080072d8      0x118 build_OLED_WATCH/page_menu.o
 .text._ZL10delete_objPv
                0x00000000080073f0      0x184 build_OLED_WATCH/page_menu.o
 .text._Z41__static_initialization_and_destruction_0ii
                0x0000000008007574      0x280 build_OLED_WATCH/page_menu.o
 .text.page_menu_reg
                0x00000000080077f4       0x2c build_OLED_WATCH/page_menu.o
                0x00000000080077f4                page_menu_reg
 .text._GLOBAL__sub_I_page_menu_reg
                0x0000000008007820        0xe build_OLED_WATCH/page_menu.o
 .text._GLOBAL__sub_D_page_menu_reg
                0x000000000800782e        0xe build_OLED_WATCH/page_menu.o
 .text._ZL11event_hdlerPv
                0x000000000800783c      0x184 build_OLED_WATCH/page_timer.o
 .text._ZL4loopPv
                0x00000000080079c0       0xcc build_OLED_WATCH/page_timer.o
 .text._ZL5setupPv
                0x0000000008007a8c      0x18c build_OLED_WATCH/page_timer.o
 .text._ZL10delete_objPv
                0x0000000008007c18      0x1c4 build_OLED_WATCH/page_timer.o
 .text._ZN7gui_bmpD2Ev
                0x0000000008007ddc       0x3c build_OLED_WATCH/page_timer.o
                0x0000000008007ddc                gui_bmp::~gui_bmp()
                0x0000000008007ddc                gui_bmp::~gui_bmp()
 .text._Z41__static_initialization_and_destruction_0ii
                0x0000000008007e18      0x260 build_OLED_WATCH/page_timer.o
 .text.page_timer_reg
                0x0000000008008078       0x34 build_OLED_WATCH/page_timer.o
                0x0000000008008078                page_timer_reg
 .text._GLOBAL__sub_I_tp
                0x00000000080080ac        0xe build_OLED_WATCH/page_timer.o
 .text._GLOBAL__sub_D_tp
                0x00000000080080ba        0xe build_OLED_WATCH/page_timer.o
 .text._ZL11event_hdlerPv
                0x00000000080080c8      0x670 build_OLED_WATCH/page_setting.o
 .text._ZL4loopPv
                0x0000000008008738       0x6c build_OLED_WATCH/page_setting.o
 .text._ZL5setupPv
                0x00000000080087a4      0x1cc build_OLED_WATCH/page_setting.o
 .text._ZL10delete_objPv
                0x0000000008008970      0x250 build_OLED_WATCH/page_setting.o
 .text._Z41__static_initialization_and_destruction_0ii
                0x0000000008008bc0      0x3bc build_OLED_WATCH/page_setting.o
 .text.page_setting_reg
                0x0000000008008f7c       0x34 build_OLED_WATCH/page_setting.o
                0x0000000008008f7c                page_setting_reg
 .text._GLOBAL__sub_I_item
                0x0000000008008fb0        0xe build_OLED_WATCH/page_setting.o
 .text._GLOBAL__sub_D_item
                0x0000000008008fbe        0xe build_OLED_WATCH/page_setting.o
 .text._ZL4loopPv
                0x0000000008008fcc       0x68 build_OLED_WATCH/page_mpu.o
 .text._ZL5setupPv
                0x0000000008009034       0x74 build_OLED_WATCH/page_mpu.o
 .text._ZL11event_hdlerPv
                0x00000000080090a8       0xd0 build_OLED_WATCH/page_mpu.o
 .text._ZN10gui_sliderD2Ev
                0x0000000008009178       0x40 build_OLED_WATCH/page_mpu.o
                0x0000000008009178                gui_slider::~gui_slider()
                0x0000000008009178                gui_slider::~gui_slider()
 .text._Z41__static_initialization_and_destruction_0ii
                0x00000000080091b8       0x70 build_OLED_WATCH/page_mpu.o
 .text.page_mpu_reg
                0x0000000008009228       0x34 build_OLED_WATCH/page_mpu.o
                0x0000000008009228                page_mpu_reg
 .text._GLOBAL__sub_I_page_mpu_reg
                0x000000000800925c        0xe build_OLED_WATCH/page_mpu.o
 .text._GLOBAL__sub_D_page_mpu_reg
                0x000000000800926a        0xe build_OLED_WATCH/page_mpu.o
 .text._ZL11event_hdlerPv
                0x0000000008009278       0x84 build_OLED_WATCH/page_compass.o
 .text._ZL4loopPv
                0x00000000080092fc       0x3c build_OLED_WATCH/page_compass.o
 .text._ZL5setupPv
                0x0000000008009338       0x4c build_OLED_WATCH/page_compass.o
 *fill*         0x0000000008009384        0x4 
 .text._ZL15free_style_drawP7gui_obj
                0x0000000008009388      0x35c build_OLED_WATCH/page_compass.o
 .text._Z41__static_initialization_and_destruction_0ii
                0x00000000080096e4       0xa0 build_OLED_WATCH/page_compass.o
 .text.page_compass_reg
                0x0000000008009784       0x34 build_OLED_WATCH/page_compass.o
                0x0000000008009784                page_compass_reg
 .text._GLOBAL__sub_I_page_compass_reg
                0x00000000080097b8        0xe build_OLED_WATCH/page_compass.o
 .text._GLOBAL__sub_D_page_compass_reg
                0x00000000080097c6        0xe build_OLED_WATCH/page_compass.o
 .text._ZL13updateColumns6turn_t
                0x00000000080097d4       0x8c build_OLED_WATCH/page_runner_game.o
 .text._ZL11updateStars6turn_t
                0x0000000008009860       0x70 build_OLED_WATCH/page_runner_game.o
 .text._ZL10handleGameh
                0x00000000080098d0       0x24 build_OLED_WATCH/page_runner_game.o
 .text._ZL11event_hdlerPv
                0x00000000080098f4       0xcc build_OLED_WATCH/page_runner_game.o
 .text._ZL4loopPv
                0x00000000080099c0       0x48 build_OLED_WATCH/page_runner_game.o
 .text._ZL11initColumnsb
                0x0000000008009a08       0x58 build_OLED_WATCH/page_runner_game.o
 .text._ZL9initStarsb
                0x0000000008009a60       0x74 build_OLED_WATCH/page_runner_game.o
 .text._ZL5setupPv
                0x0000000008009ad4       0xc4 build_OLED_WATCH/page_runner_game.o
 .text._ZL11drawColumnsv
                0x0000000008009b98      0x144 build_OLED_WATCH/page_runner_game.o
 .text._ZL9drawStarsv
                0x0000000008009cdc       0xbc build_OLED_WATCH/page_runner_game.o
 .text._ZL12fs_draw_funcP7gui_obj
                0x0000000008009d98        0xc build_OLED_WATCH/page_runner_game.o
 .text._Z41__static_initialization_and_destruction_0ii
                0x0000000008009da4      0x114 build_OLED_WATCH/page_runner_game.o
 .text.page_runner_game_reg
                0x0000000008009eb8       0x34 build_OLED_WATCH/page_runner_game.o
                0x0000000008009eb8                page_runner_game_reg
 .text._GLOBAL__sub_I_page_runner_game_reg
                0x0000000008009eec        0xe build_OLED_WATCH/page_runner_game.o
 .text._GLOBAL__sub_D_page_runner_game_reg
                0x0000000008009efa        0xe build_OLED_WATCH/page_runner_game.o
 .text._ZL11flashing_cbv
                0x0000000008009f08       0x28 build_OLED_WATCH/page_flashing.o
 .text._ZL11event_hdlerPv
                0x0000000008009f30      0x110 build_OLED_WATCH/page_flashing.o
 .text._ZL4loopPv
                0x000000000800a040        0xa build_OLED_WATCH/page_flashing.o
 *fill*         0x000000000800a04a        0x2 
 .text._ZL5setupPv
                0x000000000800a04c       0x80 build_OLED_WATCH/page_flashing.o
 .text._Z41__static_initialization_and_destruction_0ii
                0x000000000800a0cc       0x68 build_OLED_WATCH/page_flashing.o
 .text.page_flashing_reg
                0x000000000800a134       0x34 build_OLED_WATCH/page_flashing.o
                0x000000000800a134                page_flashing_reg
 .text._GLOBAL__sub_I_page_flashing_reg
                0x000000000800a168        0xe build_OLED_WATCH/page_flashing.o
 .text._GLOBAL__sub_D_page_flashing_reg
                0x000000000800a176        0xe build_OLED_WATCH/page_flashing.o
 .text._Z18my_free_style_drawP7gui_obj
                0x000000000800a184       0x38 build_OLED_WATCH/page_boids.o
                0x000000000800a184                my_free_style_draw(gui_obj*)
 .text._ZL11event_hdlerPv
                0x000000000800a1bc       0x9c build_OLED_WATCH/page_boids.o
 .text._ZL4loopPv
                0x000000000800a258      0x404 build_OLED_WATCH/page_boids.o
 .text._ZL5setupPv
                0x000000000800a65c       0xd4 build_OLED_WATCH/page_boids.o
 .text._Z41__static_initialization_and_destruction_0ii
                0x000000000800a730       0x84 build_OLED_WATCH/page_boids.o
 .text.page_boids_reg
                0x000000000800a7b4       0x34 build_OLED_WATCH/page_boids.o
                0x000000000800a7b4                page_boids_reg
 .text._GLOBAL__sub_I__Z18my_free_style_drawP7gui_obj
                0x000000000800a7e8        0xe build_OLED_WATCH/page_boids.o
 .text._GLOBAL__sub_D__Z18my_free_style_drawP7gui_obj
                0x000000000800a7f6        0xe build_OLED_WATCH/page_boids.o
 .text._Z20btn_up_left_callbackPv
                0x000000000800a804       0x3c build_OLED_WATCH/task_button.o
                0x000000000800a804                btn_up_left_callback(void*)
 .text._Z21btn_up_right_callbackPv
                0x000000000800a840       0x3c build_OLED_WATCH/task_button.o
                0x000000000800a840                btn_up_right_callback(void*)
 .text._Z22btn_down_left_callbackPv
                0x000000000800a87c       0x3c build_OLED_WATCH/task_button.o
                0x000000000800a87c                btn_down_left_callback(void*)
 .text._Z23btn_down_right_callbackPv
                0x000000000800a8b8       0x4c build_OLED_WATCH/task_button.o
                0x000000000800a8b8                btn_down_right_callback(void*)
 .text._Z11task_buttonPv
                0x000000000800a904       0x34 build_OLED_WATCH/task_button.o
                0x000000000800a904                task_button(void*)
 .text._Z21countdown_screen_timev
                0x000000000800a938       0x14 build_OLED_WATCH/main.o
                0x000000000800a938                countdown_screen_time()
 .text._ZL15reload_watchdogv
                0x000000000800a94c       0x34 build_OLED_WATCH/main.o
 .text._ZL17update_watch_timev
                0x000000000800a980       0x24 build_OLED_WATCH/main.o
 .text._Z41__static_initialization_and_destruction_0ii
                0x000000000800a9a4       0x34 build_OLED_WATCH/main.o
 .text._Z8task_guiPv
                0x000000000800a9d8        0x8 build_OLED_WATCH/main.o
                0x000000000800a9d8                task_gui(void*)
 .text._Z13task_page_mngPv
                0x000000000800a9e0       0x20 build_OLED_WATCH/main.o
                0x000000000800a9e0                task_page_mng(void*)
 .text.main     0x000000000800aa00      0x200 build_OLED_WATCH/main.o
                0x000000000800aa00                main
 .text._GLOBAL__sub_I__Z8task_guiPv
                0x000000000800ac00        0xe build_OLED_WATCH/main.o
 .text._GLOBAL__sub_D__Z8task_guiPv
                0x000000000800ac0e        0xe build_OLED_WATCH/main.o
 .text.Reset_Handler
                0x000000000800ac1c       0x48 build_OLED_WATCH/startup_stm32f10x_md.o
                0x000000000800ac1c                Reset_Handler
 .text.Default_Handler
                0x000000000800ac64        0x2 build_OLED_WATCH/startup_stm32f10x_md.o
                0x000000000800ac64                EXTI2_IRQHandler
                0x000000000800ac64                DebugMon_Handler
                0x000000000800ac64                TIM1_CC_IRQHandler
                0x000000000800ac64                HardFault_Handler
                0x000000000800ac64                PVD_IRQHandler
                0x000000000800ac64                NMI_Handler
                0x000000000800ac64                EXTI3_IRQHandler
                0x000000000800ac64                EXTI0_IRQHandler
                0x000000000800ac64                I2C2_EV_IRQHandler
                0x000000000800ac64                UsageFault_Handler
                0x000000000800ac64                ADC1_2_IRQHandler
                0x000000000800ac64                SPI1_IRQHandler
                0x000000000800ac64                TAMPER_IRQHandler
                0x000000000800ac64                DMA1_Channel4_IRQHandler
                0x000000000800ac64                USART3_IRQHandler
                0x000000000800ac64                RTC_IRQHandler
                0x000000000800ac64                DMA1_Channel7_IRQHandler
                0x000000000800ac64                CAN1_RX1_IRQHandler
                0x000000000800ac64                TIM4_IRQHandler
                0x000000000800ac64                I2C1_EV_IRQHandler
                0x000000000800ac64                DMA1_Channel6_IRQHandler
                0x000000000800ac64                TIM3_IRQHandler
                0x000000000800ac64                RCC_IRQHandler
                0x000000000800ac64                TIM1_TRG_COM_IRQHandler
                0x000000000800ac64                DMA1_Channel1_IRQHandler
                0x000000000800ac64                Default_Handler
                0x000000000800ac64                EXTI15_10_IRQHandler
                0x000000000800ac64                EXTI9_5_IRQHandler
                0x000000000800ac64                SPI2_IRQHandler
                0x000000000800ac64                MemManage_Handler
                0x000000000800ac64                DMA1_Channel5_IRQHandler
                0x000000000800ac64                EXTI4_IRQHandler
                0x000000000800ac64                USB_LP_CAN1_RX0_IRQHandler
                0x000000000800ac64                USB_HP_CAN1_TX_IRQHandler
                0x000000000800ac64                DMA1_Channel3_IRQHandler
                0x000000000800ac64                TIM1_UP_IRQHandler
                0x000000000800ac64                WWDG_IRQHandler
                0x000000000800ac64                TIM2_IRQHandler
                0x000000000800ac64                TIM1_BRK_IRQHandler
                0x000000000800ac64                EXTI1_IRQHandler
                0x000000000800ac64                RTCAlarm_IRQHandler
                0x000000000800ac64                USART2_IRQHandler
                0x000000000800ac64                I2C2_ER_IRQHandler
                0x000000000800ac64                DMA1_Channel2_IRQHandler
                0x000000000800ac64                CAN1_SCE_IRQHandler
                0x000000000800ac64                FLASH_IRQHandler
                0x000000000800ac64                BusFault_Handler
                0x000000000800ac64                USART1_IRQHandler
                0x000000000800ac64                I2C1_ER_IRQHandler
                0x000000000800ac64                USBWakeUp_IRQHandler
 *fill*         0x000000000800ac66        0x2 
 .text.abs      0x000000000800ac68        0x8 /home/giahuy/tools/gcc-arm-none-eabi-10.3-2021.10/arm-none-eabi/lib/thumb/v7-m/nofp/libc.a(lib_a-abs.o)
                0x000000000800ac68                abs
 .text.__libc_init_array
                0x000000000800ac70       0x48 /home/giahuy/tools/gcc-arm-none-eabi-10.3-2021.10/arm-none-eabi/lib/thumb/v7-m/nofp/libc.a(lib_a-init.o)
                0x000000000800ac70                __libc_init_array
 .text.memset   0x000000000800acb8       0xa4 /home/giahuy/tools/gcc-arm-none-eabi-10.3-2021.10/arm-none-eabi/lib/thumb/v7-m/nofp/libc.a(lib_a-memset.o)
                0x000000000800acb8                memset
 .text.rand     0x000000000800ad5c       0x38 /home/giahuy/tools/gcc-arm-none-eabi-10.3-2021.10/arm-none-eabi/lib/thumb/v7-m/nofp/libc.a(lib_a-rand.o)
                0x000000000800ad5c                rand
 .text.strlen   0x000000000800ad94       0x5c /home/giahuy/tools/gcc-arm-none-eabi-10.3-2021.10/arm-none-eabi/lib/thumb/v7-m/nofp/libc.a(lib_a-strlen-stub.o)
                0x000000000800ad94                strlen
 .text.atan     0x000000000800adf0      0x31c /home/giahuy/tools/gcc-arm-none-eabi-10.3-2021.10/arm-none-eabi/lib/thumb/v7-m/nofp/libm.a(lib_a-s_atan.o)
                0x000000000800adf0                atan
 .text.cos      0x000000000800b10c       0xa4 /home/giahuy/tools/gcc-arm-none-eabi-10.3-2021.10/arm-none-eabi/lib/thumb/v7-m/nofp/libm.a(lib_a-s_cos.o)
                0x000000000800b10c                cos
 .text.fabs     0x000000000800b1b0        0x8 /home/giahuy/tools/gcc-arm-none-eabi-10.3-2021.10/arm-none-eabi/lib/thumb/v7-m/nofp/libm.a(lib_a-s_fabs.o)
                0x000000000800b1b0                fabs
 .text.sin      0x000000000800b1b8       0xb0 /home/giahuy/tools/gcc-arm-none-eabi-10.3-2021.10/arm-none-eabi/lib/thumb/v7-m/nofp/libm.a(lib_a-s_sin.o)
                0x000000000800b1b8                sin
 .text.atan2    0x000000000800b268        0x4 /home/giahuy/tools/gcc-arm-none-eabi-10.3-2021.10/arm-none-eabi/lib/thumb/v7-m/nofp/libm.a(lib_a-w_atan2.o)
                0x000000000800b268                atan2
 .text.sqrt     0x000000000800b26c       0x50 /home/giahuy/tools/gcc-arm-none-eabi-10.3-2021.10/arm-none-eabi/lib/thumb/v7-m/nofp/libm.a(lib_a-w_sqrt.o)
                0x000000000800b26c                sqrt
 .text.sqrtf    0x000000000800b2bc       0x3c /home/giahuy/tools/gcc-arm-none-eabi-10.3-2021.10/arm-none-eabi/lib/thumb/v7-m/nofp/libm.a(lib_a-wf_sqrt.o)
                0x000000000800b2bc                sqrtf
 .text.__ieee754_atan2
                0x000000000800b2f8      0x194 /home/giahuy/tools/gcc-arm-none-eabi-10.3-2021.10/arm-none-eabi/lib/thumb/v7-m/nofp/libm.a(lib_a-e_atan2.o)
                0x000000000800b2f8                __ieee754_atan2
 *fill*         0x000000000800b48c        0x4 
 .text.__ieee754_rem_pio2
                0x000000000800b490      0x454 /home/giahuy/tools/gcc-arm-none-eabi-10.3-2021.10/arm-none-eabi/lib/thumb/v7-m/nofp/libm.a(lib_a-e_rem_pio2.o)
                0x000000000800b490                __ieee754_rem_pio2
 .text.__ieee754_sqrt
                0x000000000800b8e4      0x18c /home/giahuy/tools/gcc-arm-none-eabi-10.3-2021.10/arm-none-eabi/lib/thumb/v7-m/nofp/libm.a(lib_a-e_sqrt.o)
                0x000000000800b8e4                __ieee754_sqrt
 .text.__ieee754_sqrtf
                0x000000000800ba70       0xb0 /home/giahuy/tools/gcc-arm-none-eabi-10.3-2021.10/arm-none-eabi/lib/thumb/v7-m/nofp/libm.a(lib_a-ef_sqrt.o)
                0x000000000800ba70                __ieee754_sqrtf
 .text.__kernel_cos
                0x000000000800bb20      0x250 /home/giahuy/tools/gcc-arm-none-eabi-10.3-2021.10/arm-none-eabi/lib/thumb/v7-m/nofp/libm.a(lib_a-k_cos.o)
                0x000000000800bb20                __kernel_cos
 .text.__kernel_rem_pio2
                0x000000000800bd70      0x850 /home/giahuy/tools/gcc-arm-none-eabi-10.3-2021.10/arm-none-eabi/lib/thumb/v7-m/nofp/libm.a(lib_a-k_rem_pio2.o)
                0x000000000800bd70                __kernel_rem_pio2
 .text.__kernel_sin
                0x000000000800c5c0      0x184 /home/giahuy/tools/gcc-arm-none-eabi-10.3-2021.10/arm-none-eabi/lib/thumb/v7-m/nofp/libm.a(lib_a-k_sin.o)
                0x000000000800c5c0                __kernel_sin
 *fill*         0x000000000800c744        0x4 
 .text.floor    0x000000000800c748       0xf8 /home/giahuy/tools/gcc-arm-none-eabi-10.3-2021.10/arm-none-eabi/lib/thumb/v7-m/nofp/libm.a(lib_a-s_floor.o)
                0x000000000800c748                floor
 .text.scalbn   0x000000000800c840       0xfc /home/giahuy/tools/gcc-arm-none-eabi-10.3-2021.10/arm-none-eabi/lib/thumb/v7-m/nofp/libm.a(lib_a-s_scalbn.o)
                0x000000000800c840                scalbn
 .text.__errno  0x000000000800c93c        0xc /home/giahuy/tools/gcc-arm-none-eabi-10.3-2021.10/arm-none-eabi/lib/thumb/v7-m/nofp/libg.a(lib_a-errno.o)
                0x000000000800c93c                __errno
 *(.glue_7)
 .glue_7        0x000000000800c948        0x0 linker stubs
 *(.glue_7t)
 .glue_7t       0x000000000800c948        0x0 linker stubs
 *(.eh_frame)
 *(.init)
 *(.fini)
                0x000000000800c948                . = ALIGN (0x4)
                0x000000000800c948                _etext = .

.vfp11_veneer   0x000000000800c948        0x0
 .vfp11_veneer  0x000000000800c948        0x0 linker stubs

.v4_bx          0x000000000800c948        0x0
 .v4_bx         0x000000000800c948        0x0 linker stubs

.iplt           0x000000000800c948        0x0
 .iplt          0x000000000800c948        0x0 build_OLED_WATCH/stm32f10x_rcc.o

.rodata         0x000000000800c948     0x1678
                0x000000000800c948                . = ALIGN (0x4)
 *(.rodata)
 .rodata        0x000000000800c948       0x24 build_OLED_WATCH/page_watch.o
 .rodata        0x000000000800c96c       0x50 build_OLED_WATCH/page_setting.o
 *(.rodata*)
 .rodata.ftoa.str1.4
                0x000000000800c9bc        0xc build_OLED_WATCH/xprintf.o
 .rodata.xvfprintf.str1.4
                0x000000000800c9c8        0xc build_OLED_WATCH/xprintf.o
                                          0x1 (size before relaxing)
 .rodata.os_mem_malloc.str1.4
                0x000000000800c9c8       0x1c build_OLED_WATCH/os_mem.o
 .rodata.os_msg_queue_put_dynamic.str1.4
                0x000000000800c9e4       0x1c build_OLED_WATCH/os_msg.o
 .rodata.os_task_create.str1.4
                0x000000000800ca00       0x1d build_OLED_WATCH/os_task.o
 *fill*         0x000000000800ca1d        0x3 
 .rodata.os_timer_create.str1.4
                0x000000000800ca20       0x1e build_OLED_WATCH/os_timer.o
 *fill*         0x000000000800ca3e        0x2 
 .rodata.app_task_table
                0x000000000800ca40       0x48 build_OLED_WATCH/task_list.o
                0x000000000800ca40                app_task_table
 .rodata.str1.4
                0x000000000800ca88       0x4c build_OLED_WATCH/RTC.o
 .rodata._ZL12day_of_month
                0x000000000800cad4        0xd build_OLED_WATCH/RTC.o
 *fill*         0x000000000800cae1        0x3 
 .rodata._ZL12gui_font_6x8
                0x000000000800cae4      0x23a build_OLED_WATCH/gui_render.o
 *fill*         0x000000000800cd1e        0x2 
 .rodata._ZTV7gui_obj
                0x000000000800cd20       0x1c build_OLED_WATCH/gui_core.o
                0x000000000800cd20                vtable for gui_obj
 .rodata._ZTV9gui_group
                0x000000000800cd3c       0x1c build_OLED_WATCH/gui_group.o
                0x000000000800cd3c                vtable for gui_group
 .rodata._ZTV14gui_free_style
                0x000000000800cd58       0x1c build_OLED_WATCH/gui_free_style.o
                0x000000000800cd58                vtable for gui_free_style
 .rodata._ZTV9gui_label
                0x000000000800cd74       0x1c build_OLED_WATCH/gui_label.o
                0x000000000800cd74                vtable for gui_label
 .rodata._ZTV10gui_slider
                0x000000000800cd90       0x1c build_OLED_WATCH/gui_slider.o
                0x000000000800cd90                vtable for gui_slider
 .rodata._ZTV7gui_bmp
                0x000000000800cdac       0x1c build_OLED_WATCH/gui_bmp.o
                0x000000000800cdac                vtable for gui_bmp
 .rodata._ZTV10gui_idctor
                0x000000000800cdc8       0x1c build_OLED_WATCH/gui_idctor.o
                0x000000000800cdc8                vtable for gui_idctor
 .rodata._ZTV9gui_popup
                0x000000000800cde4       0x1c build_OLED_WATCH/gui_popup.o
                0x000000000800cde4                vtable for gui_popup
 .rodata._ZL4loopPv.str1.4
                0x000000000800ce00       0x36 build_OLED_WATCH/page_watch.o
 *fill*         0x000000000800ce36        0x2 
 .rodata._ZL5setupPv.str1.4
                0x000000000800ce38        0x3 build_OLED_WATCH/page_watch.o
 *fill*         0x000000000800ce3b        0x1 
 .rodata._ZL5colon
                0x000000000800ce3c       0x60 build_OLED_WATCH/page_watch.o
 .rodata._ZL5digit
                0x000000000800ce9c      0x3c0 build_OLED_WATCH/page_watch.o
 .rodata._ZL4loopPv.str1.4
                0x000000000800d25c        0xa build_OLED_WATCH/page_menu.o
 .rodata._ZL11event_hdlerPv.str1.4
                0x000000000800d266        0x3 build_OLED_WATCH/page_menu.o
 *fill*         0x000000000800d266        0x2 
 .rodata._ZL11event_hdlerPv.str1.4
                0x000000000800d268       0x11 build_OLED_WATCH/page_timer.o
 .rodata._ZL4loopPv.str1.4
                0x000000000800d279       0x11 build_OLED_WATCH/page_timer.o
                                          0xd (size before relaxing)
 *fill*         0x000000000800d279        0x3 
 .rodata.page_timer_reg.str1.4
                0x000000000800d27c        0x6 build_OLED_WATCH/page_timer.o
 *fill*         0x000000000800d282        0x2 
 .rodata._ZL3RST
                0x000000000800d284       0x20 build_OLED_WATCH/page_timer.o
 .rodata._ZL4ICON
                0x000000000800d2a4       0xc8 build_OLED_WATCH/page_timer.o
 .rodata._ZL5CHECK
                0x000000000800d36c       0x20 build_OLED_WATCH/page_timer.o
 .rodata._ZL5PAUSE
                0x000000000800d38c       0x20 build_OLED_WATCH/page_timer.o
 .rodata._ZL5START
                0x000000000800d3ac       0x20 build_OLED_WATCH/page_timer.o
 .rodata._ZL11event_hdlerPv.str1.4
                0x000000000800d3cc      0x107 build_OLED_WATCH/page_setting.o
 *fill*         0x000000000800d4d3        0x1 
 .rodata._ZL4loopPv.str1.4
                0x000000000800d4d4        0xd build_OLED_WATCH/page_setting.o
 *fill*         0x000000000800d4e1        0x3 
 .rodata.page_setting_reg.str1.4
                0x000000000800d4e4        0x8 build_OLED_WATCH/page_setting.o
 .rodata._ZL12day_of_month
                0x000000000800d4ec        0xd build_OLED_WATCH/page_setting.o
 *fill*         0x000000000800d4f9        0x3 
 .rodata._ZL4ICON
                0x000000000800d4fc       0xc8 build_OLED_WATCH/page_setting.o
 .rodata._ZL4loopPv.str1.4
                0x000000000800d5c4       0x10 build_OLED_WATCH/page_mpu.o
 .rodata.page_mpu_reg.str1.4
                0x000000000800d5d4        0x4 build_OLED_WATCH/page_mpu.o
 .rodata._ZL4ICON
                0x000000000800d5d8       0xc8 build_OLED_WATCH/page_mpu.o
 .rodata._ZL4loopPv.str1.4
                0x000000000800d6a0       0x12 build_OLED_WATCH/page_compass.o
 *fill*         0x000000000800d6b2        0x2 
 .rodata.page_compass_reg.str1.4
                0x000000000800d6b4        0x8 build_OLED_WATCH/page_compass.o
 .rodata._ZL4ICON
                0x000000000800d6bc       0xc8 build_OLED_WATCH/page_compass.o
 .rodata._ZL6ICON_E
                0x000000000800d784       0x3c build_OLED_WATCH/page_compass.o
 .rodata._ZL6ICON_N
                0x000000000800d7c0       0x3c build_OLED_WATCH/page_compass.o
 .rodata._ZL6ICON_S
                0x000000000800d7fc       0x3c build_OLED_WATCH/page_compass.o
 .rodata._ZL6ICON_W
                0x000000000800d838       0x3c build_OLED_WATCH/page_compass.o
 .rodata._ZL4loopPv.str1.4
                0x000000000800d874        0x8 build_OLED_WATCH/page_runner_game.o
                                          0x3 (size before relaxing)
 .rodata.page_runner_game_reg.str1.4
                0x000000000800d874        0xc build_OLED_WATCH/page_runner_game.o
 .rodata._ZL12signGameOver
                0x000000000800d880      0x10e build_OLED_WATCH/page_runner_game.o
 *fill*         0x000000000800d98e        0x2 
 .rodata._ZL4ICON
                0x000000000800d990       0xc8 build_OLED_WATCH/page_runner_game.o
 .rodata._ZL11event_hdlerPv.str1.4
                0x000000000800da58        0x6 build_OLED_WATCH/page_flashing.o
 *fill*         0x000000000800da5e        0x2 
 .rodata.page_flashing_reg.str1.4
                0x000000000800da60        0x9 build_OLED_WATCH/page_flashing.o
 *fill*         0x000000000800da69        0x3 
 .rodata._ZL4ICON
                0x000000000800da6c       0xc8 build_OLED_WATCH/page_flashing.o
 .rodata.page_boids_reg.str1.4
                0x000000000800db34        0x6 build_OLED_WATCH/page_boids.o
 *fill*         0x000000000800db3a        0x2 
 .rodata._ZL4ICON
                0x000000000800db3c       0xc8 build_OLED_WATCH/page_boids.o
 .rodata.main.str1.4
                0x000000000800dc04        0xf build_OLED_WATCH/main.o
 *fill*         0x000000000800dc13        0x1 
 .rodata._ZL8low_batt
                0x000000000800dc14      0x15e build_OLED_WATCH/main.o
 *fill*         0x000000000800dd72        0x6 
 .rodata.atanhi
                0x000000000800dd78       0x20 /home/giahuy/tools/gcc-arm-none-eabi-10.3-2021.10/arm-none-eabi/lib/thumb/v7-m/nofp/libm.a(lib_a-s_atan.o)
 .rodata.atanlo
                0x000000000800dd98       0x20 /home/giahuy/tools/gcc-arm-none-eabi-10.3-2021.10/arm-none-eabi/lib/thumb/v7-m/nofp/libm.a(lib_a-s_atan.o)
 .rodata.CSWTCH.8
                0x000000000800ddb8       0x18 /home/giahuy/tools/gcc-arm-none-eabi-10.3-2021.10/arm-none-eabi/lib/thumb/v7-m/nofp/libm.a(lib_a-e_atan2.o)
 .rodata.CSWTCH.9
                0x000000000800ddd0       0x18 /home/giahuy/tools/gcc-arm-none-eabi-10.3-2021.10/arm-none-eabi/lib/thumb/v7-m/nofp/libm.a(lib_a-e_atan2.o)
 .rodata.npio2_hw
                0x000000000800dde8       0x80 /home/giahuy/tools/gcc-arm-none-eabi-10.3-2021.10/arm-none-eabi/lib/thumb/v7-m/nofp/libm.a(lib_a-e_rem_pio2.o)
 .rodata.two_over_pi
                0x000000000800de68      0x108 /home/giahuy/tools/gcc-arm-none-eabi-10.3-2021.10/arm-none-eabi/lib/thumb/v7-m/nofp/libm.a(lib_a-e_rem_pio2.o)
 .rodata.PIo2   0x000000000800df70       0x40 /home/giahuy/tools/gcc-arm-none-eabi-10.3-2021.10/arm-none-eabi/lib/thumb/v7-m/nofp/libm.a(lib_a-k_rem_pio2.o)
 .rodata.init_jk
                0x000000000800dfb0       0x10 /home/giahuy/tools/gcc-arm-none-eabi-10.3-2021.10/arm-none-eabi/lib/thumb/v7-m/nofp/libm.a(lib_a-k_rem_pio2.o)
                0x000000000800dfc0                . = ALIGN (0x4)

.ARM.extab
 *(.ARM.extab* .gnu.linkonce.armextab.*)

.ARM            0x000000000800dfc0        0x8
                0x000000000800dfc0                __exidx_start = .
 *(.ARM.exidx*)
 .ARM.exidx     0x000000000800dfc0        0x8 /home/giahuy/tools/gcc-arm-none-eabi-10.3-2021.10/lib/gcc/arm-none-eabi/10.3.1/thumb/v7-m/nofp/libgcc.a(_udivmoddi4.o)
                0x000000000800dfc8                __exidx_end = .

.rel.dyn        0x000000000800dfc8        0x0
 .rel.iplt      0x000000000800dfc8        0x0 build_OLED_WATCH/stm32f10x_rcc.o

.preinit_array  0x000000000800dfc8        0x0
                0x000000000800dfc8                PROVIDE (__preinit_array_start = .)
 *(.preinit_array*)
                0x000000000800dfc8                PROVIDE (__preinit_array_end = .)

.init_array     0x000000000800dfc8       0x2c
                0x000000000800dfc8                PROVIDE (__init_array_start = .)
 *(SORT_BY_NAME(.init_array.*))
 *(.init_array*)
 .init_array    0x000000000800dfc8        0x4 build_OLED_WATCH/gui_port.o
 .init_array    0x000000000800dfcc        0x4 build_OLED_WATCH/page_watch.o
 .init_array    0x000000000800dfd0        0x4 build_OLED_WATCH/page_menu.o
 .init_array    0x000000000800dfd4        0x4 build_OLED_WATCH/page_timer.o
 .init_array    0x000000000800dfd8        0x4 build_OLED_WATCH/page_setting.o
 .init_array    0x000000000800dfdc        0x4 build_OLED_WATCH/page_mpu.o
 .init_array    0x000000000800dfe0        0x4 build_OLED_WATCH/page_compass.o
 .init_array    0x000000000800dfe4        0x4 build_OLED_WATCH/page_runner_game.o
 .init_array    0x000000000800dfe8        0x4 build_OLED_WATCH/page_flashing.o
 .init_array    0x000000000800dfec        0x4 build_OLED_WATCH/page_boids.o
 .init_array    0x000000000800dff0        0x4 build_OLED_WATCH/main.o
                0x000000000800dff4                PROVIDE (__init_array_end = .)

.fini_array     0x000000000800dff4       0x2c
                [!provide]                        PROVIDE (__fini_array_start = .)
 *(SORT_BY_NAME(.fini_array.*))
 *(.fini_array*)
 .fini_array    0x000000000800dff4        0x4 build_OLED_WATCH/gui_port.o
 .fini_array    0x000000000800dff8        0x4 build_OLED_WATCH/page_watch.o
 .fini_array    0x000000000800dffc        0x4 build_OLED_WATCH/page_menu.o
 .fini_array    0x000000000800e000        0x4 build_OLED_WATCH/page_timer.o
 .fini_array    0x000000000800e004        0x4 build_OLED_WATCH/page_setting.o
 .fini_array    0x000000000800e008        0x4 build_OLED_WATCH/page_mpu.o
 .fini_array    0x000000000800e00c        0x4 build_OLED_WATCH/page_compass.o
 .fini_array    0x000000000800e010        0x4 build_OLED_WATCH/page_runner_game.o
 .fini_array    0x000000000800e014        0x4 build_OLED_WATCH/page_flashing.o
 .fini_array    0x000000000800e018        0x4 build_OLED_WATCH/page_boids.o
 .fini_array    0x000000000800e01c        0x4 build_OLED_WATCH/main.o
                [!provide]                        PROVIDE (__fini_array_end = .)
                0x000000000800e020                _sidata = LOADADDR (.data)

.data           0x0000000020000000      0x560 load address 0x000000000800e020
                0x0000000020000000                . = ALIGN (0x4)
                0x0000000020000000                _sdata = .
 *(.data)
 *(.data*)
 .data.ADCPrescTable
                0x0000000020000000        0x4 build_OLED_WATCH/stm32f10x_rcc.o
 .data.APBAHBPrescTable
                0x0000000020000004       0x10 build_OLED_WATCH/stm32f10x_rcc.o
 .data.SystemCoreClock
                0x0000000020000014        0x4 build_OLED_WATCH/system_stm32f10x.o
                0x0000000020000014                SystemCoreClock
 .data.next_tick_to_unblock
                0x0000000020000018        0x4 build_OLED_WATCH/os_task.o
 .data.next_tick_to_unblock_timer
                0x000000002000001c        0x4 build_OLED_WATCH/os_timer.o
 .data.KalmanX  0x0000000020000020       0x48 build_OLED_WATCH/mpu_6050.o
                0x0000000020000020                KalmanX
 .data.KalmanY  0x0000000020000068       0x48 build_OLED_WATCH/mpu_6050.o
                0x0000000020000068                KalmanY
 .data.dayNames
                0x00000000200000b0       0x1c build_OLED_WATCH/RTC.o
                0x00000000200000b0                dayNames
 .data.monthNames
                0x00000000200000cc       0x30 build_OLED_WATCH/RTC.o
                0x00000000200000cc                monthNames
 .data.reg_list
                0x00000000200000fc       0x24 build_OLED_WATCH/gui_page_manager.o
                0x00000000200000fc                reg_list
 .data._ZL11change_step
                0x0000000020000120        0x1 build_OLED_WATCH/page_watch.o
 *fill*         0x0000000020000121        0x3 
 .data.item     0x0000000020000124        0xc build_OLED_WATCH/page_setting.o
                0x0000000020000124                item
 .data._ZL15protected_range
                0x0000000020000130        0x2 build_OLED_WATCH/page_boids.o
 *fill*         0x0000000020000132        0x2 
 .data._impure_ptr
                0x0000000020000134        0x4 /home/giahuy/tools/gcc-arm-none-eabi-10.3-2021.10/arm-none-eabi/lib/thumb/v7-m/nofp/libc.a(lib_a-impure.o)
                0x0000000020000134                _impure_ptr
 .data.impure_data
                0x0000000020000138      0x428 /home/giahuy/tools/gcc-arm-none-eabi-10.3-2021.10/arm-none-eabi/lib/thumb/v7-m/nofp/libc.a(lib_a-impure.o)
                0x0000000020000560                . = ALIGN (0x4)
                0x0000000020000560                _edata = .

.igot.plt       0x0000000020000560        0x0 load address 0x000000000800e580
 .igot.plt      0x0000000020000560        0x0 build_OLED_WATCH/stm32f10x_rcc.o
                0x0000000020000560                . = ALIGN (0x4)

.bss            0x0000000020000560     0x3f30 load address 0x000000000800e580
                0x0000000020000560                _sbss = .
                0x0000000020000560                __bss_start__ = _sbss
 *(.bss)
 *(.bss*)
 .bss.critical_nesting_count
                0x0000000020000560        0x2 build_OLED_WATCH/os_kernel.o
 *fill*         0x0000000020000562        0x2 
 .bss.byte_available
                0x0000000020000564        0x4 build_OLED_WATCH/os_mem.o
 .bss.mem_blk_end_ptr
                0x0000000020000568        0x4 build_OLED_WATCH/os_mem.o
 .bss.mem_blk_start
                0x000000002000056c        0xc build_OLED_WATCH/os_mem.o
 .bss.mem_heap  0x0000000020000578     0x1400 build_OLED_WATCH/os_mem.o
 .bss.free_list_msg_pool
                0x0000000020001978        0x4 build_OLED_WATCH/os_msg.o
 .bss.msg_pool  0x000000002000197c      0x280 build_OLED_WATCH/os_msg.o
 .bss.msg_pool_used
                0x0000000020001bfc        0x1 build_OLED_WATCH/os_msg.o
 *fill*         0x0000000020001bfd        0x3 
 .bss.prio_tbl  0x0000000020001c00        0x2 build_OLED_WATCH/os_prio.o
 *fill*         0x0000000020001c02        0x2 
 .bss.dly_task_list_1
                0x0000000020001c04       0x1c build_OLED_WATCH/os_task.o
 .bss.dly_task_list_2
                0x0000000020001c20       0x1c build_OLED_WATCH/os_task.o
 .bss.dly_task_list_ptr
                0x0000000020001c3c        0x4 build_OLED_WATCH/os_task.o
 .bss.num_of_tasks
                0x0000000020001c40        0x2 build_OLED_WATCH/os_task.o
 *fill*         0x0000000020001c42        0x2 
 .bss.overflow_dly_task_list_ptr
                0x0000000020001c44        0x4 build_OLED_WATCH/os_task.o
 .bss.rdy_task_list
                0x0000000020001c48      0x118 build_OLED_WATCH/os_task.o
 .bss.sched_is_running
                0x0000000020001d60        0x1 build_OLED_WATCH/os_task.o
 *fill*         0x0000000020001d61        0x3 
 .bss.suspended_task_list
                0x0000000020001d64       0x1c build_OLED_WATCH/os_task.o
 .bss.task_tcb_list
                0x0000000020001d80       0x28 build_OLED_WATCH/os_task.o
 .bss.tcb_curr_ptr
                0x0000000020001da8        0x4 build_OLED_WATCH/os_task.o
                0x0000000020001da8                tcb_curr_ptr
 .bss.tcb_high_rdy_ptr
                0x0000000020001dac        0x4 build_OLED_WATCH/os_task.o
                0x0000000020001dac                tcb_high_rdy_ptr
 .bss.tick_count