sources/AK-mOS/Src/os_msg.c:13:13:msg_pool_init	8	static
sources/AK-mOS/Src/os_msg.c:36:6:os_msg_init	8	static
sources/AK-mOS/Src/os_msg.c:41:6:os_msg_free	8	static
sources/AK-mOS/Src/os_msg.c:56:6:os_msg_queue_init	0	static
sources/AK-mOS/Src/os_msg.c:65:6:os_msg_queue_put_dynamic	24	static
sources/AK-mOS/Src/os_msg.c:118:6:os_msg_queue_put_pure	16	static
sources/AK-mOS/Src/os_msg.c:166:8:os_msg_queue_get	0	static
sources/AK-mOS/Src/os_msg.c:195:7:os_msg_get_dynamic_data	0	static
sources/AK-mOS/Src/os_msg.c:202:8:os_msg_queue_get_pure	0	static
sources/AK-mOS/Src/os_msg.c:231:9:os_msg_get_pure_data	0	static
