sources/AK-mOS/Src/os_timer.c:24:13:timer_pool_init	0	static
sources/AK-mOS/Src/os_timer.c:55:13:timer_switch_lists	0	static
sources/AK-mOS/Src/os_timer.c:92:13:update_next_tick_to_unblock	0	static
sources/AK-mOS/Src/os_timer.c:45:13:init_timer_lists	16	static
sources/AK-mOS/Src/os_timer.c:71:13:add_timer_to_list	8	static
sources/AK-mOS/Src/os_timer.c:111:13:os_timer_create	16	static
sources/AK-mOS/Src/os_timer.c:162:6:os_timer_remove	8	static
sources/AK-mOS/Src/os_timer.c:176:6:os_timer_init	8	static
sources/AK-mOS/Src/os_timer.c:183:6:os_timer_processing	16	static
sources/AK-mOS/Src/os_timer.c:239:6:os_timer_start	16	static
sources/AK-mOS/Src/os_timer.c:260:6:os_timer_reset	16	static
sources/AK-mOS/Src/os_timer.c:280:6:os_timer_set_period	16	static
