sources/application/Pages/page_runner_game.cpp:283:13:void updateColumns(turn_t)	16	static
sources/application/Pages/page_runner_game.cpp:351:13:void updateStars(turn_t)	16	static
sources/application/Pages/page_runner_game.cpp:398:13:void handleGame(uint8_t)	0	static
sources/application/Pages/page_runner_game.cpp:233:13:void event_hdler(void*)	16	static
sources/application/Pages/page_runner_game.cpp:225:13:void loop(void*)	8	static
sources/application/Pages/page_runner_game.cpp:267:13:void initColumns(bool)	16	static
sources/application/Pages/page_runner_game.cpp:381:13:void initStars(bool)	16	static
sources/application/Pages/page_runner_game.cpp:196:13:void setup(void*)	24	static
sources/application/Pages/page_runner_game.cpp:314:13:void drawColumns()	48	static
sources/application/Pages/page_runner_game.cpp:337:13:void drawStars()	24	static
sources/application/Pages/page_runner_game.cpp:184:13:void fs_draw_func(gui_obj*)	8	static
sources/application/Pages/page_runner_game.cpp:418:1:void __static_initialization_and_destruction_0(int, int)	24	static
sources/application/Pages/page_runner_game.cpp:260:6:void page_runner_game_reg()	16	static
sources/application/Pages/page_runner_game.cpp:418:1:cpp)	8	static
sources/application/Pages/page_runner_game.cpp:418:1:cpp)	8	static
