sources/application/Pages/page_flashing.cpp:29:13:void flashing_cb()	8	static
sources/application/Pages/page_flashing.cpp:60:13:void event_hdler(void*)	16	static
sources/application/Pages/page_flashing.cpp:54:13:void loop(void*)	8	static
sources/application/Pages/page_flashing.cpp:37:13:void setup(void*)	24	static
sources/application/Pages/page_flashing.cpp:99:1:void __static_initialization_and_destruction_0(int, int)	8	static
sources/application/Pages/page_flashing.cpp:96:6:void page_flashing_reg()	16	static
sources/application/Pages/page_flashing.cpp:99:1:cpp)	8	static
sources/application/Pages/page_flashing.cpp:99:1:cpp)	8	static
