sources/application/Pages/page_watch.cpp:260:13:void event_hdler(void*)	24	static
sources/application/Pages/page_watch.cpp:189:13:void loop(void*)	56	static
sources/application/Pages/page_watch.cpp:133:13:void setup(void*)	48	static
sources/application/Pages/page_watch.cpp:249:13:void delete_obj(void*)	24	static
./sources/Oled_GUI/Inc/gui_label.h:20:5:gui_label::~gui_label()	8	static
sources/application/Pages/page_watch.cpp:284:1:void __static_initialization_and_destruction_0(int, int)	40	static
sources/application/Pages/page_watch.cpp:281:6:void page_watch_reg()	16	static
sources/application/Pages/page_watch.cpp:284:1:cpp)	8	static
sources/application/Pages/page_watch.cpp:284:1:cpp)	8	static
