sources/application/Pages/page_mpu.cpp:40:13:void loop(void*)	8	static
sources/application/Pages/page_mpu.cpp:27:13:void setup(void*)	32	static
sources/application/Pages/page_mpu.cpp:50:13:void event_hdler(void*)	16	static
./sources/Oled_GUI/Inc/gui_label.h:20:5:gui_label::~gui_label()	8	static
./sources/Oled_GUI/Inc/gui_slider.h:28:5:gui_slider::~gui_slider()	8	static
sources/application/Pages/page_mpu.cpp:72:1:void __static_initialization_and_destruction_0(int, int)	8	static
sources/application/Pages/page_mpu.cpp:69:6:void page_mpu_reg()	16	static
sources/application/Pages/page_mpu.cpp:72:1:cpp)	8	static
sources/application/Pages/page_mpu.cpp:72:1:cpp)	8	static
