sources/application/Pages/page_timer.cpp:127:13:void event_hdler(void*)	32	static
sources/application/Pages/page_timer.cpp:96:13:void loop(void*)	16	static
sources/application/Pages/page_timer.cpp:54:13:void setup(void*)	24	static
sources/application/Pages/page_timer.cpp:115:13:void delete_obj(void*)	16	static
./sources/Oled_GUI/Inc/gui_bmp.h:19:5:gui_bmp::~gui_bmp()	8	static
./sources/Oled_GUI/Inc/gui_label.h:20:5:gui_label::~gui_label()	8	static
sources/application/Pages/page_timer.cpp:179:1:void __static_initialization_and_destruction_0(int, int)	32	static
sources/application/Pages/page_timer.cpp:176:6:void page_timer_reg()	16	static
sources/application/Pages/page_timer.cpp:179:1:cpp)	8	static
sources/application/Pages/page_timer.cpp:179:1:cpp)	8	static
