sources/driver/stm32_rtc/RTC.cpp:24:13:bool isLeapYear(unsigned int)	0	static
sources/driver/stm32_rtc/RTC.cpp:42:16:uint8_t returnWeekday(uint16_t, uint8_t, uint8_t)	8	static
sources/driver/stm32_rtc/RTC.cpp:11:6:void RTC_Init()	8	static
sources/driver/stm32_rtc/RTC.cpp:54:1:RTCSTM32::RTCSTM32()	0	static
sources/driver/stm32_rtc/RTC.cpp:55:1:RTCSTM32::~RTCSTM32()	0	static
sources/driver/stm32_rtc/RTC.cpp:57:6:void RTCSTM32::init()	8	static
sources/driver/stm32_rtc/RTC.cpp:80:13:RTCDateTime RTCSTM32::getDateTime()	48	static
sources/driver/stm32_rtc/RTC.cpp:130:6:void RTCSTM32::setDateTime(uint16_t, uint8_t, uint8_t, uint8_t, uint8_t, uint8_t)	24	static
